
 Start         Length     Name                   Class
 0001:00000000 000528C0H .text                   CODE
 0002:00000000 00001204H .data                   DATA
 0002:00001204 00000C05H .bss                    BSS


Detailed map of segments

 0001:00000000 00005087 C=CODE     S=.text    G=(none)   M=System   ACBP=A9
 0001:00005088 00000140 C=CODE     S=.text    G=(none)   M=SysInit  ACBP=A9
 0001:000051C8 00000078 C=CODE     S=.text    G=(none)   M=Types    ACBP=A9
 0001:00005240 00000C1C C=CODE     S=.text    G=(none)   M=Windows  ACBP=A9
 0001:00005E5C 00000038 C=CODE     S=.text    G=(none)   M=Messages ACBP=A9
 0001:00005E94 00000310 C=CODE     S=.text    G=(none)   M=SysConst ACBP=A9
 0001:000061A4 00006688 C=CODE     S=.text    G=(none)   M=SysUtils ACBP=A9
 0001:0000C82C 000007FB C=CODE     S=.text    G=(none)   M=VarUtils ACBP=A9
 0001:0000D028 00002A42 C=CODE     S=.text    G=(none)   M=Variants ACBP=A9
 0001:0000FA6C 00000120 C=CODE     S=.text    G=(none)   M=RTLConsts ACBP=A9
 0001:0000FB8C 000007E8 C=CODE     S=.text    G=(none)   M=TypInfo  ACBP=A9
 0001:00010374 00000038 C=CODE     S=.text    G=(none)   M=ActiveX  ACBP=A9
 0001:000103AC 0000978A C=CODE     S=.text    G=(none)   M=Classes  ACBP=A9
 0001:00019B38 000002A8 C=CODE     S=.text    G=(none)   M=Consts   ACBP=A9
 0001:00019DE0 00007283 C=CODE     S=.text    G=(none)   M=Graphics ACBP=A9
 0001:00021064 00000048 C=CODE     S=.text    G=(none)   M=Math     ACBP=A9
 0001:000210AC 000002B8 C=CODE     S=.text    G=(none)   M=Contnrs  ACBP=A9
 0001:00021364 00000190 C=CODE     S=.text    G=(none)   M=CommCtrl ACBP=A9
 0001:000214F4 00000787 C=CODE     S=.text    G=(none)   M=MultiMon ACBP=A9
 0001:00021C7C 00000038 C=CODE     S=.text    G=(none)   M=Imm      ACBP=A9
 0001:00021CB4 00000FF8 C=CODE     S=.text    G=(none)   M=HelpIntfs ACBP=A9
 0001:00022CAC 00000038 C=CODE     S=.text    G=(none)   M=WinSpool ACBP=A9
 0001:00022CE4 00000044 C=CODE     S=.text    G=(none)   M=Printers ACBP=A9
 0001:00022D28 0000031F C=CODE     S=.text    G=(none)   M=FlatSB   ACBP=A9
 0001:00023048 000001A4 C=CODE     S=.text    G=(none)   M=SyncObjs ACBP=A9
 0001:000231EC 000009BB C=CODE     S=.text    G=(none)   M=UxTheme  ACBP=A9
 0001:00023BA8 00000038 C=CODE     S=.text    G=(none)   M=RichEdit ACBP=A9
 0001:00023BE0 00000038 C=CODE     S=.text    G=(none)   M=ToolWin  ACBP=A9
 0001:00023C18 00000038 C=CODE     S=.text    G=(none)   M=ShellAPI ACBP=A9
 0001:00023C50 00000038 C=CODE     S=.text    G=(none)   M=RegStr   ACBP=A9
 0001:00023C88 00000038 C=CODE     S=.text    G=(none)   M=WinInet  ACBP=A9
 0001:00023CC0 00000038 C=CODE     S=.text    G=(none)   M=UrlMon   ACBP=A9
 0001:00023CF8 0000006C C=CODE     S=.text    G=(none)   M=ShlObj   ACBP=A9
 0001:00023D64 00000040 C=CODE     S=.text    G=(none)   M=CommDlg  ACBP=A9
 0001:00023DA4 00000038 C=CODE     S=.text    G=(none)   M=Dlgs     ACBP=A9
 0001:00023DDC 000016A9 C=CODE     S=.text    G=(none)   M=Dialogs  ACBP=A9
 0001:00025488 00000652 C=CODE     S=.text    G=(none)   M=ExtCtrls ACBP=A9
 0001:00025ADC 00000038 C=CODE     S=.text    G=(none)   M=ComStrs  ACBP=A9
 0001:00025B14 00000094 C=CODE     S=.text    G=(none)   M=Clipbrd  ACBP=A9
 0001:00025BA8 00000038 C=CODE     S=.text    G=(none)   M=StrUtils ACBP=A9
 0001:00025BE0 000000F5 C=CODE     S=.text    G=(none)   M=Buttons  ACBP=A9
 0001:00025CD8 00000038 C=CODE     S=.text    G=(none)   M=ExtDlgs  ACBP=A9
 0001:00025D10 00000068 C=CODE     S=.text    G=(none)   M=IniFiles ACBP=A9
 0001:00025D78 00000068 C=CODE     S=.text    G=(none)   M=Registry ACBP=A9
 0001:00025DE0 0000006C C=CODE     S=.text    G=(none)   M=Mapi     ACBP=A9
 0001:00025E4C 00000058 C=CODE     S=.text    G=(none)   M=ExtActns ACBP=A9
 0001:00025EA4 00000038 C=CODE     S=.text    G=(none)   M=ListActns ACBP=A9
 0001:00025EDC 00000C68 C=CODE     S=.text    G=(none)   M=ComCtrls ACBP=A9
 0001:00026B44 00000A0C C=CODE     S=.text    G=(none)   M=Themes   ACBP=A9
 0001:00027550 00002D34 C=CODE     S=.text    G=(none)   M=StdCtrls ACBP=A9
 0001:0002A284 00000168 C=CODE     S=.text    G=(none)   M=StdActns ACBP=A9
 0001:0002A3EC 00000D1F C=CODE     S=.text    G=(none)   M=WinHelpViewer ACBP=A9
 0001:0002B10C 00010887 C=CODE     S=.text    G=(none)   M=Controls ACBP=A9
 0001:0003B994 00001292 C=CODE     S=.text    G=(none)   M=ActnList ACBP=A9
 0001:0003CC28 000016E4 C=CODE     S=.text    G=(none)   M=ImgList  ACBP=A9
 0001:0003E30C 00006639 C=CODE     S=.text    G=(none)   M=Menus    ACBP=A9
 0001:00044948 0000C408 C=CODE     S=.text    G=(none)   M=Forms    ACBP=A9
 0001:00050D50 00000AF4 C=CODE     S=.text    G=(none)   M=vdi      ACBP=A9
 0001:00051844 00000E24 C=CODE     S=.text    G=(none)   M=Unit1    ACBP=A9
 0001:00052668 00000255 C=CODE     S=.text    G=(none)   M=Project1 ACBP=A9
 0002:00000000 000000A0 C=DATA     S=.data    G=DGROUP   M=System   ACBP=A9
 0002:000000A0 00000020 C=DATA     S=.data    G=DGROUP   M=SysInit  ACBP=A9
 0002:000000C0 00000254 C=DATA     S=.data    G=DGROUP   M=SysUtils ACBP=A9
 0002:00000314 00000008 C=DATA     S=.data    G=DGROUP   M=VarUtils ACBP=A9
 0002:0000031C 0000008E C=DATA     S=.data    G=DGROUP   M=Variants ACBP=A9
 0002:000003AC 0000000C C=DATA     S=.data    G=DGROUP   M=TypInfo  ACBP=A9
 0002:000003B8 00000064 C=DATA     S=.data    G=DGROUP   M=Classes  ACBP=A9
 0002:0000041C 00000304 C=DATA     S=.data    G=DGROUP   M=Graphics ACBP=A9
 0002:00000720 00000004 C=DATA     S=.data    G=DGROUP   M=Printers ACBP=A9
 0002:00000724 000000D4 C=DATA     S=.data    G=DGROUP   M=Dialogs  ACBP=A9
 0002:000007F8 00000178 C=DATA     S=.data    G=DGROUP   M=ExtCtrls ACBP=A9
 0002:00000970 0000002C C=DATA     S=.data    G=DGROUP   M=Buttons  ACBP=A9
 0002:0000099C 00000008 C=DATA     S=.data    G=DGROUP   M=IniFiles ACBP=A9
 0002:000009A4 00000008 C=DATA     S=.data    G=DGROUP   M=Registry ACBP=A9
 0002:000009AC 00000008 C=DATA     S=.data    G=DGROUP   M=Mapi     ACBP=A9
 0002:000009B4 00000018 C=DATA     S=.data    G=DGROUP   M=ComCtrls ACBP=A9
 0002:000009CC 00000068 C=DATA     S=.data    G=DGROUP   M=Themes   ACBP=A9
 0002:00000A34 00000070 C=DATA     S=.data    G=DGROUP   M=StdCtrls ACBP=A9
 0002:00000AA4 0000013C C=DATA     S=.data    G=DGROUP   M=Controls ACBP=A9
 0002:00000BE0 00000020 C=DATA     S=.data    G=DGROUP   M=ImgList  ACBP=A9
 0002:00000C00 000000EC C=DATA     S=.data    G=DGROUP   M=Menus    ACBP=A9
 0002:00000CEC 0000011C C=DATA     S=.data    G=DGROUP   M=Forms    ACBP=A9
 0002:00002000 00000660 C=BSS      S=.bss     G=DGROUP   M=System   ACBP=A9
 0002:00002660 00000010 C=BSS      S=.bss     G=DGROUP   M=SysInit  ACBP=A9
 0002:00002670 00000004 C=BSS      S=.bss     G=DGROUP   M=Types    ACBP=A9
 0002:00002674 00000004 C=BSS      S=.bss     G=DGROUP   M=Windows  ACBP=A9
 0002:00002678 00000004 C=BSS      S=.bss     G=DGROUP   M=Messages ACBP=A9
 0002:0000267C 00000004 C=BSS      S=.bss     G=DGROUP   M=SysConst ACBP=A9
 0002:00002680 00000120 C=BSS      S=.bss     G=DGROUP   M=SysUtils ACBP=A9
 0002:000027A0 0000005C C=BSS      S=.bss     G=DGROUP   M=VarUtils ACBP=A9
 0002:000027FC 00000040 C=BSS      S=.bss     G=DGROUP   M=Variants ACBP=A9
 0002:0000283C 00000004 C=BSS      S=.bss     G=DGROUP   M=RTLConsts ACBP=A9
 0002:00002840 00000004 C=BSS      S=.bss     G=DGROUP   M=TypInfo  ACBP=A9
 0002:00002844 00000004 C=BSS      S=.bss     G=DGROUP   M=ActiveX  ACBP=A9
 0002:00002848 00000040 C=BSS      S=.bss     G=DGROUP   M=Classes  ACBP=A9
 0002:00002888 00000004 C=BSS      S=.bss     G=DGROUP   M=Consts   ACBP=A9
 0002:0000288C 00000060 C=BSS      S=.bss     G=DGROUP   M=Graphics ACBP=A9
 0002:000028EC 00000004 C=BSS      S=.bss     G=DGROUP   M=Math     ACBP=A9
 0002:000028F0 00000004 C=BSS      S=.bss     G=DGROUP   M=Contnrs  ACBP=A9
 0002:000028F4 0000000C C=BSS      S=.bss     G=DGROUP   M=CommCtrl ACBP=A9
 0002:00002900 00000031 C=BSS      S=.bss     G=DGROUP   M=MultiMon ACBP=A9
 0002:00002934 00000004 C=BSS      S=.bss     G=DGROUP   M=Imm      ACBP=A9
 0002:00002938 00000008 C=BSS      S=.bss     G=DGROUP   M=HelpIntfs ACBP=A9
 0002:00002940 00000004 C=BSS      S=.bss     G=DGROUP   M=WinSpool ACBP=A9
 0002:00002944 00000004 C=BSS      S=.bss     G=DGROUP   M=Printers ACBP=A9
 0002:00002948 00000034 C=BSS      S=.bss     G=DGROUP   M=FlatSB   ACBP=A9
 0002:0000297C 00000004 C=BSS      S=.bss     G=DGROUP   M=SyncObjs ACBP=A9
 0002:00002980 000000CC C=BSS      S=.bss     G=DGROUP   M=UxTheme  ACBP=A9
 0002:00002A4C 00000004 C=BSS      S=.bss     G=DGROUP   M=RichEdit ACBP=A9
 0002:00002A50 00000004 C=BSS      S=.bss     G=DGROUP   M=ToolWin  ACBP=A9
 0002:00002A54 00000004 C=BSS      S=.bss     G=DGROUP   M=ShellAPI ACBP=A9
 0002:00002A58 00000004 C=BSS      S=.bss     G=DGROUP   M=RegStr   ACBP=A9
 0002:00002A5C 00000004 C=BSS      S=.bss     G=DGROUP   M=WinInet  ACBP=A9
 0002:00002A60 00000004 C=BSS      S=.bss     G=DGROUP   M=UrlMon   ACBP=A9
 0002:00002A64 00000004 C=BSS      S=.bss     G=DGROUP   M=ShlObj   ACBP=A9
 0002:00002A68 00000004 C=BSS      S=.bss     G=DGROUP   M=CommDlg  ACBP=A9
 0002:00002A6C 00000004 C=BSS      S=.bss     G=DGROUP   M=Dlgs     ACBP=A9
 0002:00002A70 0000000C C=BSS      S=.bss     G=DGROUP   M=Dialogs  ACBP=A9
 0002:00002A7C 00000004 C=BSS      S=.bss     G=DGROUP   M=ExtCtrls ACBP=A9
 0002:00002A80 00000004 C=BSS      S=.bss     G=DGROUP   M=ComStrs  ACBP=A9
 0002:00002A84 0000000C C=BSS      S=.bss     G=DGROUP   M=Clipbrd  ACBP=A9
 0002:00002A90 00000004 C=BSS      S=.bss     G=DGROUP   M=StrUtils ACBP=A9
 0002:00002A94 00000030 C=BSS      S=.bss     G=DGROUP   M=Buttons  ACBP=A9
 0002:00002AC4 00000004 C=BSS      S=.bss     G=DGROUP   M=ExtDlgs  ACBP=A9
 0002:00002AC8 00000004 C=BSS      S=.bss     G=DGROUP   M=IniFiles ACBP=A9
 0002:00002ACC 00000004 C=BSS      S=.bss     G=DGROUP   M=Registry ACBP=A9
 0002:00002AD0 00000004 C=BSS      S=.bss     G=DGROUP   M=Mapi     ACBP=A9
 0002:00002AD4 00000009 C=BSS      S=.bss     G=DGROUP   M=ExtActns ACBP=A9
 0002:00002AE0 00000004 C=BSS      S=.bss     G=DGROUP   M=ListActns ACBP=A9
 0002:00002AE4 00000010 C=BSS      S=.bss     G=DGROUP   M=ComCtrls ACBP=A9
 0002:00002AF4 00000008 C=BSS      S=.bss     G=DGROUP   M=Themes   ACBP=A9
 0002:00002AFC 00000004 C=BSS      S=.bss     G=DGROUP   M=StdCtrls ACBP=A9
 0002:00002B00 00000004 C=BSS      S=.bss     G=DGROUP   M=StdActns ACBP=A9
 0002:00002B04 00000014 C=BSS      S=.bss     G=DGROUP   M=WinHelpViewer ACBP=A9
 0002:00002B18 00000080 C=BSS      S=.bss     G=DGROUP   M=Controls ACBP=A9
 0002:00002B98 00000004 C=BSS      S=.bss     G=DGROUP   M=ActnList ACBP=A9
 0002:00002B9C 0000000C C=BSS      S=.bss     G=DGROUP   M=ImgList  ACBP=A9
 0002:00002BA8 00000010 C=BSS      S=.bss     G=DGROUP   M=Menus    ACBP=A9
 0002:00002BB8 00000020 C=BSS      S=.bss     G=DGROUP   M=Forms    ACBP=A9
 0002:00002BD8 00000020 C=BSS      S=.bss     G=DGROUP   M=vdi      ACBP=A9
 0002:00002BF8 0000000C C=BSS      S=.bss     G=DGROUP   M=Unit1    ACBP=A9


  Address         Publics by Name

 0002:000028F4       .1
 0002:00002A68       .1
 0002:00002A80       .1
 0002:00002A90       .1
 0002:00002A64       .1
 0002:00002668       .1
 0002:00002888       .1
 0002:00002A60       .1
 0002:00002670       .1
 0002:00002A5C       .1
 0002:00002A58       .1
 0002:00002A54       .1
 0002:00002AD0       .1
 0002:00002A4C       .1
 0002:00002A3C       .1
 0002:00002BD8       .1
 0002:0000283C       .1
 0002:00002B0C       .1
 0002:00002A6C       .1
 0002:00002968       .1
 0002:00002678       .1
 0002:0000267C       .1
 0002:00002934       .1
 0002:00002920       .1
 0002:00002A70       .11
 0002:00002A7C       .12
 0002:00002890       .12
 0002:00002C00       .2
 0002:00002A88       .2
 0002:00002938       .2
 0002:00002AF4       .2
 0002:000028EC       .2
 0002:000028F0       .21
 0002:00002844       .3
 0002:00002674       .3
 0002:00002AC4       .3
 0002:00002944       .3
 0002:00002940       .3
 0002:00002B9C       .3
 0002:00002790       .35
 0002:00002AE4       .36
 0002:00002A50       .4
 0002:00002A94       .4
 0002:00002BC0       .41
 0002:00002AFC       .42
 0002:00002854       .45
 0002:00002ACC       .5
 0002:000025B8       .5
 0002:000027F8       .5
 0002:00002840       .6
 0002:0000297C       .6
 0002:00002AD4       .72
 0002:00002B20       .72
 0002:00002B00       .73
 0002:00002B98       .8
 0002:00002AE0       .8
 0002:00002AC8       .8
 0002:0000281C       .81
 0002:00002BB0       .9
 0001:0000195C       @AbstractError
 0001:000028A0       @AfterConstruction
 0001:000026EC       @AsClass
 0001:00001D8C       @AStrCmp
 0001:000028B0       @BeforeDestruction
 0001:00002738       @CallDynaInst
 0001:00002848       @ClassCreate
 0001:00002898       @ClassDestroy
 0001:00001C94       @Close
 0001:00001894       @Copy
 0001:00003F44       @CopyArray
 0001:00003E28       @CopyRecord
 0001:00004038       @DispCallByIDError
 0001:0000DAC8       @DispInvokeError
 0001:00002D2C       @DoneExcept
 0001:00004360       @DynArrayAsg
 0001:00004324       @DynArrayClear
 0001:00004164       @DynArrayHigh
 0001:0000415C       @DynArrayLength
 0001:00004318       @DynArraySetLength
 0001:00002E14       @ExceptionHandler
 0001:00001DFC       @FillChar
 0001:00003E04       @Finalize
 0001:00003D18       @FinalizeArray
 0001:00003CCC       @FinalizeRecord
 0001:00001C88       @Flush
 0001:00002478       @FpuInit
 0001:000023B4       @FpuMaskInit
 0001:0000171C       @FreeMem
 0001:000016FC       @GetMem
 0001:00005100       @GetTls
 0001:0000325C       @Halt
 0001:00003184       @Halt0
 0001:000029C4       @HandleAnyException
 0001:00002C78       @HandleFinally
 0001:00002AF0       @HandleOnException
 0001:0000514C       @InitExe
 0001:00003C38       @InitializeArray
 0001:00003C08       @InitializeRecord
 0001:00003048       @InitImports
 0001:00003020       @InitResStringImports
 0001:00002FFC       @InitResStrings
 0001:00004A44       @IntfAddRef
 0001:00004A14       @IntfCast
 0001:000049D0       @IntfClear
 0001:000049E8       @IntfCopy
 0001:000026C8       @IsClass
 0001:00002384       @isNECWindows
 0001:00003724       @LStrAddRef
 0001:00003298       @LStrArrayClr
 0001:000032C8       @LStrAsg
 0001:0000353C       @LStrCat
 0001:00003580       @LStrCat3
 0001:000035F4       @LStrCatN
 0001:00003274       @LStrClr
 0001:00003680       @LStrCmp
 0001:00003794       @LStrCopy
 0001:000037D4       @LStrDelete
 0001:000034E4       @LStrFromArray
 0001:0000345C       @LStrFromChar
 0001:0000346C       @LStrFromPChar
 0001:00003364       @LStrFromPCharLen
 0001:0000349C       @LStrFromPWChar
 0001:000033D0       @LStrFromPWCharLen
 0001:000034D8       @LStrFromString
 0001:000034FC       @LStrFromWStr
 0001:0000381C       @LStrInsert
 0001:0000330C       @LStrLAsg
 0001:00003534       @LStrLen
 0001:00003878       @LStrPos
 0001:000038C0       @LStrSetLength
 0001:00003734       @LStrToPChar
 0001:00003510       @LStrToString
 0001:00003338       @NewAnsiString
 0001:00003954       @NewWideString
 0001:00002098       @Pow10
 0001:00001D08       @PStrCmp
 0001:00001CEC       @PStrNCpy
 0001:00002CD8       @RaiseAgain
 0001:00002CB0       @RaiseExcept
 0001:0000173C       @ReallocMem
 0001:000019D0       @RewritText
 0001:00001950       @ROUND
 0001:00003268       @RunError
 0001:0000207C       @SetEq
 0001:00002FBC       @StartExe
 0001:000002DC       @strlen
 0001:00002D5C       @TryFinallyExit
 0001:0000378C       @UniqueStringA
 0001:00001E1C       @ValLong
 0001:0000F1C0       @VarAddRef
 0001:0000DDB4       @VarClear
 0001:0000DDC8       @VarClr
 0001:00003D00       @VarClr
 0001:0000E0DC       @VarCopy
 0001:00003E10       @VarCopy
 0001:0000F0F8       @VarFromBool
 0001:0000F148       @VarFromCurr
 0001:0000F090       @VarFromInt
 0001:0000F0CC       @VarFromInt64
 0001:0000F15C       @VarFromLStr
 0001:0000F120       @VarFromReal
 0001:0000F134       @VarFromTDateTime
 0001:0000F188       @VarFromWStr
 0001:0000DB1C       @VarNull
 0001:0000E408       @VarToLStr
 0001:0000EB30       @VarToWStr
 0001:00003924       @Write0LString
 0001:00001F34       @WriteBytes
 0001:00002004       @WriteLn
 0001:0000392C       @WriteLString
 0001:00001F88       @WriteSpaces
 0001:00003994       @WStrArrayClr
 0001:000039B8       @WStrAsg
 0001:0000397C       @WStrClr
 0001:00003AF4       @WStrCmp
 0001:00003B78       @WStrCopy
 0001:00003AC8       @WStrFromLStr
 0001:000039DC       @WStrFromPCharLen
 0001:00003A8C       @WStrFromPWChar
 0001:00003A68       @WStrFromPWCharLen
 0001:00003AE8       @WStrLen
 0001:00003BC4       @WStrSetLength
 0001:00003AD8       @WStrToPWChar
 0001:00002058       @_CLenToPasStr
 0001:0000204C       @_CToPasStr
 0001:00001864       @_IOTest
 0001:00004064       @_lldiv
 0001:000040E0       @_llmod
 0001:00004040       @_llmul
 0001:0002DB24       AbsMin
 0001:0000AC18       AbstractErrorHandler
 0002:00002028       AbstractErrorProc
 0002:00000144       AccessMode
 0001:000017CC       AcquireExceptionObject
 0001:00012708       ActivateClassGroup
 0001:000056E4       ActivateKeyboardLayout
 0002:00002B54       ActiveDrag
 0001:000103A4       ActiveX
 0001:0003CBFC       ActnList
 0001:00000408       AddBlockAfter
 0002:000003B8       AddDataModule
 0001:00006DDC       AddExitProc
 0001:000157C8       AddFinished
 0001:0003FF40       AddIn
 0001:00004874       AddModuleUnloadProc
 0001:00004864       AddModuleUnloadProc
 0001:00015800       AddNotFinished
 0001:00016224       AddSubComponentsToLoaded
 0001:0001D408       AdjustColor
 0001:0000704C       AdjustLineBreaks
 0001:00046F50       Adjustment
 0001:000056EC       AdjustWindowRectEx
 0002:00000CC4       Alignments
 0002:00000A6C       Alignments
 0002:00000CD4       Alignments
 0001:00033150       AlignWork
 0001:0004DE48       AlignWork
 0001:00019918       AllocateHWnd
 0001:00024B98       AllocFilterStr
 0001:00006D90       AllocMem
 0002:000025B0       AllocMemCount
 0002:000025B4       AllocMemSize
 0001:00020E5C       AllocPatternBitmap
 0001:000050A8       AllocTlsBuffer
 0002:00000AB0       AnchorAlign
 0002:00000AA4       AnimateWindowProc
 0002:00000BAC       AnimationStyle
 0001:00006F54       AnsiCompareStr
 0001:00006F8C       AnsiCompareText
 0001:00007714       AnsiLastChar
 0001:000056F4       AnsiLower
 0001:0000B590       AnsiPos
 0001:00044754       AnsiSameCaption
 0001:00006FC4       AnsiSameText
 0001:00006FDC       AnsiStrLIComp
 0001:0000B5C8       AnsiStrPos
 0001:0000B668       AnsiStrRScan
 0001:0000B690       AnsiStrScan
 0001:00004E44       AnsiToUtf8
 0001:00008C0C       AppendChars
 0001:00008FD0       AppendFormat
 0001:00008C70       AppendNumber
 0001:00008C50       AppendString
 0002:00002BB8       Application
 0002:000003C8       ApplicationHandleException
 0002:000003D0       ApplicationShowException
 0002:00000E00       AppVisible
 0001:0000ABFC       AssertErrorHandler
 0002:00002020       AssertErrorProc
 0001:0000FE3C       AssignLongStr
 0001:000101E0       AssignVariant
 0002:00002608       avail
 0001:000078E4       BackfillGetDiskFreeSpaceEx
 0001:000306B8       BackgroundClipped
 0001:0000CABC       BackupVarBoolFromStr
 0001:0000CC1C       BackupVarBStrFromBool
 0001:0000CB3C       BackupVarBStrFromCy
 0001:0000CBAC       BackupVarBStrFromDate
 0001:0000CA50       BackupVarCyFromStr
 0001:0000C9E4       BackupVarDateFromStr
 0001:0000C8A0       BackupVarI4FromStr
 0001:0000C84C       BackupVariantChangeTypeEx
 0001:0000C90C       BackupVarR4FromStr
 0001:0000C978       BackupVarR8FromStr
 0001:00012A60       BeginGlobalLoading
 0001:000056FC       BeginPaint
 0001:0001D414       BetterSize
 0001:00040DB4       BiDiDraw
 0001:00005534       BitBlt
 0002:00000970       BitBtnCaptions
 0002:00002A98       BitBtnGlyphs
 0002:000006D4       BitmapCanvasList
 0002:000028A8       BitmapImageLock
 0001:0000C888       BiUnimplemented
 0002:000003F0       BlockCode
 0002:000025E0       blockDescBlockList
 0002:000025E4       blockDescFreeList
 0002:00002BE8       BlocksAllocated
 0002:00002BDC       BlockSize
 0002:000003AC       BooleanIdents
 0002:00000328       BooleanToStringRule
 0001:000075AC       BoolToStr
 0001:0000E190       BoolToWStrViaOS
 0002:00000A34       BorderStyles
 0001:000051EC       Bounds
 0001:00011A20       Bounds
 0002:00000C6C       Breaks
 0002:000028E0       BrushManager
 0001:00043568       BuildImage
 0002:000007CC       ButtonCaptions
 0002:000007A0       ButtonNames
 0002:00000CE8       Buttons
 0001:00025CB0       Buttons
 0002:00000A9C       ButtonStyles
 0001:0001CBF4       BytesPerScanline
 0001:0001CF4C       ByteSwapColors
 0001:0000B2CC       ByteToCharIndex
 0001:0000B2A4       ByteToCharLen
 0001:0000B268       ByteType
 0001:0000B1F0       ByteTypeTest
 0002:00002BA0       CachedComCtrlVer
 0001:00019854       CalcJmpOffset
 0001:0003AC84       CalcSplitterPos
 0001:00005704       CallNextHookEx
 0001:0000BD5C       CallTerminateProcs
 0001:0000570C       CallWindowProc
 0001:0002EB5C       CancelDrag
 0002:00002BFC       CancelFlag
 0002:000028E4       CanvasList
 0002:00002B68       CanvasList
 0002:0000078C       Captions
 0002:00000B68       CaptureControl
 0002:00000C0C       cBooleanToItemAutoFlag
 0001:000244A8       CenterWindow
 0002:00002A86       CF_COMPONENT
 0002:00002A84       CF_PICTURE
 0002:00002814       ChangeAnyProc
 0001:00007794       ChangeFileExt
 0002:00000A4C       CharCases
 0001:00003394       CharFromWChar
 0001:0000B4A0       CharLength
 0001:00000254       CharNext
 0001:00005714       CharNext
 0001:0001B578       CharsetToIdent
 0001:0000B3B4       CharToByteIndex
 0001:0000B418       CharToByteLen
 0001:0000571C       CharToOemA
 0001:0001D9C4       CheckBool
 0001:00002940       CheckJmp
 0001:00005724       CheckMenuItem
 0002:00000C5C       Checks
 0001:00016260       CheckSubComponents
 0001:0001862C       CheckSynchronize
 0001:0004698C       CheckTaskWindow
 0001:0002E810       CheckUndock
 0001:0000B0E4       CheckWin32Version
 0002:0000032C       CInvalidCustomVariantType
 0002:00000C10       cItemAutoFlagToBoolean
 0002:00000C08       cItemAutoFlagToMenu
 0001:00019AA4       Classes
 0001:000124CC       ClassNotFound
 0002:00002810       ClearAnyProc
 0001:0001AE08       ClearColor
 0001:0000F4FC       ClearVariantTypeList
 0001:0000572C       ClientToScreen
 0001:0003826C       ClientToWindow
 0002:000006CC       ClipboardFormats
 0001:00025B50       Clipbrd
 0001:000001F4       CloseHandle
 0001:00005324       CloseHandle
 0002:00002984       CloseThemeData
 0002:0000203C       CmdLine
 0002:00002038       CmdShow
 0002:00000C04       cMenuAutoFlagToItem
 0001:0000C894       CmpUnimplemented
 0002:0000044C       Colors
 0001:0001B370       ColorToIdent
 0002:000007F8       ColorToPretyName
 0001:0001B360       ColorToRGB
 0002:000028F8       ComCtl32DLL
 0002:00002AF0       ComCtlVersion
 0001:00026B3C       ComCtrls
 0002:00002BB4       CommandPool
 0001:000214EC       CommCtrl
 0001:00023D9C       CommDlg
 0001:000006E8       Commit
 0002:00002624       committedRoot
 0001:0003F524       CompareFront
 0001:00006EBC       CompareMem
 0001:00006E8C       CompareStr
 0001:0000532C       CompareString
 0001:00006EDC       CompareText
 0001:000074D4       CompareWith
 0001:00016340       ComponentCreated
 0001:00025B0C       ComStrs
 0001:00019DD8       Consts
 0001:0002135C       Contnrs
 0002:00002B26       ControlAtom
 0002:00002B2C       ControlAtomString
 0001:0004B718       ControlHasHelp
 0001:0003B904       Controls
 0001:0000A658       ConvertAddr
 0001:00008D60       ConvertEraString
 0001:00006D6C       ConvertErrorFmt
 0001:00008EC8       ConvertYearString
 0001:0000416C       CopyArray
 0001:0001E49C       CopyBitmap
 0001:0001EB64       CopyBitmapAsMask
 0001:00005BE0       CopyMemory
 0001:0001EB00       CopyPalette
 0002:000009D0       Copyright
 0001:00042614       CopyToBest
 0001:0000B324       CountChars
 0002:000028C0       CounterLock
 0002:00000330       CRangeToType
 0001:0000AB40       CreateAssertException
 0001:0000ACC8       CreateAVObject
 0001:0000553C       CreateBitmap
 0001:00005544       CreateBrushIndirect
 0001:0000554C       CreateCompatibleBitmap
 0001:00005554       CreateCompatibleDC
 0001:000163C0       CreateComponent
 0001:00005564       CreateDIBitmap
 0001:0000555C       CreateDIBSection
 0001:00005334       CreateEvent
 0001:0000533C       CreateFile
 0001:000001FC       CreateFileA
 0001:00005344       CreateFileA
 0001:0000556C       CreateFontIndirect
 0001:00005574       CreateHalftonePalette
 0001:00005734       CreateIcon
 0001:0000AA6C       CreateInOutError
 0001:0000573C       CreateMenu
 0001:0000557C       CreatePalette
 0001:00005584       CreatePenIndirect
 0001:00005744       CreatePopupMenu
 0001:0000558C       CreateSolidBrush
 0001:0001CFA4       CreateSystemPalette
 0001:0000534C       CreateThread
 0001:00005CD4       CreateWindow
 0001:00005C7C       CreateWindowEx
 0002:00000AA8       CreationControl
 0002:00000728       CreationControl
 0002:00000398       CRelationshipToBoolean
 0002:00000314       CResult
 0002:0000013C       cSimpleBoolStrs
 0002:00000344       CText
 0002:00000BA4       Ctl3DStyles
 0002:0000261C       curAlloc
 0002:00002688       CurrencyDecimals
 0002:00002684       CurrencyFormat
 0002:00002680       CurrencyString
 0001:00008BF8       CurrentYear
 0001:00008790       CurrToStr
 0001:0000E120       CurrToWStrViaOS
 0002:00000D84       CursorMap
 0002:00000AB8       Cursors
 0001:0002D3FC       CursorToIdent
 0002:00000D74       cUseAlpha
 0002:00000D7C       cUseColorKey
 0001:00007218       CvtInt
 0001:00007284       CvtInt64
 0002:0000017C       CWNear
 0002:00002689       DateSeparator
 0001:000097E0       DateTimeToStr
 0001:00009784       DateTimeToString
 0001:00008850       DateTimeToTimeStamp
 0001:0000E158       DateToWStrViaOS
 0001:00008BD0       DayOfWeek
 0002:00000178       DCon10
 0002:00000448       DDBsOnly
 0001:000199CC       DeallocateHWnd
 0002:00000028       DebugHook
 0002:00002687       DecimalSeparator
 0001:00008BB0       DecodeDate
 0001:00008A64       DecodeDateFully
 0001:00008904       DecodeTime
 0001:0000077C       Decommit
 0001:00000D98       DecommitFree
 0002:000025F8       decommittedRoot
 0001:000493A0       Default
 0001:0004EA70       Default
 0002:00000020       Default8087CW
 0002:00000AAC       DefaultDockTreeClass
 0002:00000034       DefaultTextLineBreakStyle
 0002:000025BC       DefaultUserCodePage
 0002:0000069C       DefBrushData
 0002:0000041C       DefFontData
 0001:0000574C       DefFrameProc
 0002:00000208       DefLongDayNames
 0002:000001BC       DefLongMonthNames
 0001:00005754       DefMDIChildProc
 0002:0000067C       DefPenData
 0002:000001EC       DefShortDayNames
 0002:0000018C       DefShortMonthNames
 0001:0000575C       DefWindowProc
 0001:000043B8       DelayLoadResourceModule
 0001:00000438       DeleteBlock
 0001:000003A8       DeleteCriticalSection
 0001:00005354       DeleteCriticalSection
 0001:00005594       DeleteDC
 0001:00000BE0       DeleteFree
 0001:00005764       DeleteMenu
 0001:0000559C       DeleteObject
 0001:0001E058       DeselectBitmap
 0001:0000576C       DestroyCursor
 0001:00005774       DestroyIcon
 0001:00025BE0       DestroyLocals
 0001:0000577C       DestroyMenu
 0001:00005784       DestroyWindow
 0001:0002ADC0       DialogEnumerationTester
 0001:0002455C       DialogHook
 0001:00025448       Dialogs
 0002:000006D8       DIBPalSizes
 0002:00000090       dig
 0001:000467E0       DisableTaskWindows
 0001:0000578C       DispatchMessage
 0001:0004C9F8       DispatchShortCut
 0002:00002000       DispCallByIDProc
 0001:00006D50       DivMod
 0001:00023DD4       Dlgs
 0001:0004DCFC       DoAlign
 0001:00032FE0       DoAlign
 0001:00037094       DoCalcConstraints
 0002:00002B5C       DockSiteList
 0001:00043234       DoClick
 0001:00034724       DoControlMsg
 0001:00046790       DoDisableWindow
 0001:0002E13C       DoDragOver
 0001:00006DB0       DoExitProc
 0001:00038F58       DoFindControlZone
 0001:000468CC       DoFindWindow
 0001:000394E4       DoFindZone
 0001:00038FDC       DoForEach
 0001:0003A8E8       DoGetNextLimit
 0001:00046758       DoneApplication
 0001:0003B648       DoneControls
 0001:0000AFF4       DoneExceptions
 0001:0004AD74       DoNestedActivation
 0001:000185EC       DoneThreadSynchronization
 0001:00032BA0       DoPosition
 0001:0004DB4C       DoPosition
 0001:00039F10       DoPrune
 0001:0003A3E8       DoSaveZone
 0001:0003A5EC       DoSetNewBounds
 0002:000003B4       DotSep
 0001:0001DC1C       DoWrite
 0001:0003DB84       DoWrite
 0001:00013894       DoWrite
 0001:00033D0C       DoWriteDesignSize
 0001:000317B8       DoWriteIsControl
 0002:00002B40       DragCapture
 0002:00002B34       DragControl
 0001:0002E884       DragDone
 0001:0002E0EC       DragFindTarget
 0001:0002E0C0       DragFindWindow
 0002:00002B58       DragImageList
 0001:0002E4DC       DragInit
 0001:0002E64C       DragInitControl
 0002:00002B3C       DragInternalObject
 0001:0002E008       DragMessage
 0002:00002B38       DragObject
 0002:00002B64       DragSave
 0002:00002B4C       DragSaveCursor
 0002:00002B44       DragStartPos
 0002:00002B50       DragThreshold
 0001:0002E20C       DragTo
 0001:0004EAAC       DrawAppIcon
 0001:00039A7C       DrawCloseButton
 0001:00005794       DrawEdge
 0001:0000579C       DrawFrameControl
 0001:00039AD4       DrawGrabberLine
 0001:000057A4       DrawIcon
 0001:000057AC       DrawIconEx
 0002:00000BE0       DrawingStyles
 0001:000057B4       DrawMenuBar
 0001:00044574       DrawMenuItem
 0001:000057BC       DrawText
 0002:00002988       DrawThemeBackground
 0002:000029AC       DrawThemeEdge
 0002:000029B0       DrawThemeIcon
 0002:00002A34       DrawThemeParentBackground
 0002:0000298C       DrawThemeText
 0001:0001CA74       DupBits
 0001:00004184       DynArrayClear
 0001:0000418C       DynArraySetLength
 0002:00000CCC       EdgeStyle
 0002:00000B94       EdgeStyles
 0001:0000AA40       EHeapException.FreeInstance
 0002:00000A68       Empty
 0002:000027FC       EmptyParam
 0002:000000C0       EmptyStr
 0002:000000C4       EmptyWideStr
 0001:000057C4       EnableMenuItem
 0002:00000C64       Enables
 0001:000057CC       EnableScrollBar
 0001:00046894       EnableTaskWindows
 0002:00002A1C       EnableThemeDialogTexture
 0002:00002A38       EnableTheming
 0001:000057D4       EnableWindow
 0001:00012AE8       EndGlobalLoading
 0001:000057DC       EndPaint
 0001:00000398       EnterCriticalSection
 0001:0000535C       EnterCriticalSection
 0001:00005364       EnumCalendarInfoA
 0002:0000291C       EnumDisplayMonitors
 0001:0000A2CC       EnumEraNames
 0001:0000A308       EnumEraYearOffsets
 0001:00049964       EnumMonitorsProc
 0001:000057E4       EnumThreadWindows
 0001:00015B70       EnumValue
 0001:000057EC       EnumWindows
 0001:000057F4       EqualRect
 0002:00002750       EraNames
 0001:00009A58       EraToYear
 0002:0000276C       EraYearOffsets
 0002:00000068       errCaption
 0001:0003F274       Error
 0001:00015354       Error
 0001:00001858       Error
 0001:00012070       Error
 0002:00000004       ErrorAddr
 0001:0000180C       ErrorAt
 0001:0000AAEC       ErrorHandler
 0002:00000224       ErrorMap
 0002:00002008       ErrorProc
 0002:000023E4       ErrOutput
 0001:000017AC       ExceptAddr
 0002:0000200C       ExceptClsProc
 0001:0000AF60       ExceptHandler
 0001:0000A8B4       Exception.Create
 0001:0000A8F0       Exception.CreateFmt
 0001:0000A970       Exception.CreateRes
 0001:0000A9AC       Exception.CreateResFmt
 0002:0000201C       ExceptionClass
 0001:0000A664       ExceptionErrorMessage
 0002:0000025C       ExceptMap
 0001:0000178C       ExceptObject
 0002:00002010       ExceptObjProc
 0002:00002004       ExceptProc
 0001:000055A4       ExcludeClipRect
 0002:00000000       ExitCode
 0001:000030C8       ExitDll
 0002:00002044       ExitProc
 0001:0000025C       ExitProcess
 0002:00002024       ExitProcessProc
 0002:00000138       ExitProcList
 0001:000078A8       ExpandFileName
 0001:00024834       ExplorerHook
 0001:00025E9C       ExtActns
 0001:00025AAC       ExtCtrls
 0001:00025D08       ExtDlgs
 0001:00007860       ExtractFileExt
 0001:00024EAC       ExtractFileName
 0001:00007828       ExtractFileName
 0001:00024EF4       ExtractFileNames
 0002:0000278C       FalseBoolStrs
 0002:00002A8C       FClipboard
 0002:0000016C       FCon1E18
 0001:0000770C       FileClose
 0001:00007650       FileCreate
 0001:00007674       FileCreate
 0002:000006D0       FileFormats
 0002:00000008       FileMode
 0001:00001A18       FileNOPProc
 0001:000075F8       FileOpen
 0001:0000767C       FileRead
 0002:000003E0       FilerSignature
 0001:000076D4       FileSeek
 0001:000076A8       FileWrite
 0001:00000CC8       FillAfterGap
 0001:00000C74       FillBeforeGap
 0001:00000D60       FillerSizeAfterGap
 0001:00000CF0       FillerSizeBeforeGap
 0001:000057FC       FillRect
 0001:0000616C       Finalization
 0001:00005E5C       Finalization
 0001:00005E24       Finalization
 0001:000231B4       Finalization
 0001:000214BC       Finalization
 0001:00023DA4       Finalization
 0001:00023D6C       Finalization
 0001:00023D2C       Finalization
 0001:0003B89C       Finalization
 0001:0002132C       Finalization
 0001:00021074       Finalization
 0001:00020E94       Finalization
 0001:0000CFE8       Finalization
 0001:00021C3C       Finalization
 0001:00023CC0       Finalization
 0001:00023C88       Finalization
 0001:00023C50       Finalization
 0001:00023C18       Finalization
 0001:00021C7C       Finalization
 0001:000253EC       Finalization
 0001:00022C64       Finalization
 0001:000517FC       Finalization
 0001:0002B038       Finalization
 0001:00023008       Finalization
 0001:00022CAC       Finalization
 0001:0003CBCC       Finalization
 0001:00023BE0       Finalization
 0001:0003E2D4       Finalization
 0001:00023BA8       Finalization
 0001:00050CB0       Finalization
 0001:00023B38       Finalization
 0001:0002A3B4       Finalization
 0001:0002A24C       Finalization
 0001:00022CE4       Finalization
 0001:0000F948       Finalization
 0001:0000FB54       Finalization
 0001:00025A64       Finalization
 0001:00025ADC       Finalization
 0001:00027504       Finalization
 0001:00019DA8       Finalization
 0001:00026AC4       Finalization
 0001:00052630       Finalization
 0001:00005208       Finalization
 0001:000199F4       Finalization
 0001:00052668       Finalization
 0001:00005190       Finalization
 0001:00025B14       Finalization
 0001:00025BA8       Finalization
 0001:00025EA4       Finalization
 0001:00004F60       Finalization
 0001:0001031C       Finalization
 0001:00025E4C       Finalization
 0001:00010374       Finalization
 0001:00025DF4       Finalization
 0001:00025D90       Finalization
 0001:0000C62C       Finalization
 0001:00025D28       Finalization
 0001:00044850       Finalization
 0001:00025C78       Finalization
 0001:00025CD8       Finalization
 0001:0000417C       FinalizeArray
 0001:00002EFC       FinalizeUnits
 0001:00042FF4       Find
 0001:00004428       FindBS
 0001:0001258C       FindClass
 0001:000043B0       FindClassHInstance
 0001:0000026C       FindClose
 0001:00000C44       FindCommitted
 0001:0002D1DC       FindControl
 0001:00039710       FindControlAtPos
 0001:0000F858       FindCustomVariantType
 0001:0000F7A0       FindCustomVariantType
 0001:0002EBA8       FindDragTarget
 0001:00016570       FindExistingComponent
 0001:00000274       FindFirstFile
 0001:00012978       FindGlobalComponent
 0001:000469D8       FindGlobalComponent
 0002:00002860       FindGlobalComponentProcs
 0001:00004388       FindHInstance
 0001:00012820       FindIdentToInt
 0002:00002A78       FindMsg
 0001:00015700       FindNestedComponent
 0001:0003F23C       FindPopupControl
 0001:0000CCB0       FindProc
 0001:0000536C       FindResource
 0001:00004400       FindResourceHInstance
 0001:00050504       FindScanline
 0001:00046930       FindTopMostWindow
 0001:00017454       FindUniqueName
 0001:0002EB74       FindVCLWindow
 0001:00005804       FindWindow
 0001:0002AE18       FindWinHelp
 0001:0001E450       FixupBitFields
 0002:00000CDC       Flags
 0002:0000279C       FLanguages
 0001:00023038       FlatSB
 0002:00002948       FlatSB_EnableScrollBar
 0002:00002954       FlatSB_GetScrollInfo
 0002:00002958       FlatSB_GetScrollPos
 0002:00002950       FlatSB_GetScrollRange
 0002:00002960       FlatSB_SetScrollInfo
 0002:0000295C       FlatSB_SetScrollPos
 0001:00022D28       FlatSB_SetScrollProp
 0002:00002964       FlatSB_SetScrollRange
 0002:0000294C       FlatSB_ShowScrollBar
 0001:00008420       FloatToDecimal
 0001:00008760       FloatToStr
 0001:0000814C       FloatToText
 0001:00001C7C       Flush
 0002:00000180       FMSecsPerDay
 0001:00008048       FmtStr
 0002:00000CF8       FocusCount
 0002:00000CF4       FocusMessages
 0002:000005EC       FontCharsets
 0002:000028D8       FontManager
 0002:00000724       ForceCurrentDirectory
 0001:000469AC       ForegroundTask
 0002:00002BF8       Form1
 0002:00000188       Format
 0001:00008034       Format
 0001:00007C3C       FormatBuf
 0001:00007C30       FormatClearStr
 0001:00007BB4       FormatError
 0002:00000164       FormatErrorStrs
 0001:00005374       FormatMessage
 0001:00007C0C       FormatVarToStr
 0001:00050D0C       Forms
 0001:00002090       FPower10
 0002:00000720       FPrinter
 0001:0000580C       FrameRect
 0001:0000C20C       FreeAndNil
 0001:000009B0       FreeCommitted
 0001:00000ED0       FreeCurAlloc
 0001:0002EC68       FreeDeviceContext
 0001:0002ED24       FreeDeviceContexts
 0001:000197C0       FreeIntConstList
 0001:0000537C       FreeLibrary
 0001:0000027C       FreeLibrary
 0001:0001DFAC       FreeMemoryContexts
 0001:000198F4       FreeObjectInstance
 0001:0000538C       FreeResource
 0001:00000630       FreeSpace
 0001:0000BD78       FreeTerminateProcs
 0001:000231EC       FreeThemeLibrary
 0002:00002AEC       FRichEditModule
 0001:0001CA64       GDICheck
 0001:0001C9BC       GDIError
 0001:00001948       Get8087CW
 0001:00005394       GetACP
 0001:00005814       GetActiveWindow
 0001:0004E1D8       GetAnimation
 0001:000055AC       GetBitmapBits
 0001:000003B0       GetBlockDesc
 0001:000055B4       GetBrushOrgEx
 0001:0000581C       GetCapture
 0001:0002D4A4       GetCaptureControl
 0001:00012538       GetClass
 0001:00005824       GetClassInfo
 0001:0000582C       GetClassName
 0001:00005834       GetClientRect
 0001:000055BC       GetClipBox
 0001:0000034C       GetCmdShow
 0001:0003CD9C       GetColor
 0001:000265D0       GetComCtlVersion
 0001:00000284       GetCommandLine
 0001:000007FC       GetCommitted
 0001:0000088C       GetCommittedAt
 0001:000342D8       GetControlAtPos
 0001:00008CBC       GetCount
 0001:0000539C       GetCPInfo
 0001:000055C4       GetCurrentPositionEx
 0001:000053A4       GetCurrentProcessId
 0002:00002A2C       GetCurrentThemeName
 0001:0000033C       GetCurrentThreadId
 0001:000053AC       GetCurrentThreadId
 0001:00005BD8       GetCurrentTime
 0001:0000583C       GetCursor
 0001:00050514       GetCursorHeightMargin
 0001:00005844       GetCursorPos
 0001:00008CE8       GetDate
 0001:000053B4       GetDateFormat
 0001:00009970       GetDateOrder
 0001:0000584C       GetDC
 0001:00005854       GetDCEx
 0001:000055CC       GetDCOrgEx
 0001:00020AA4       GetDefFontCharSet
 0001:0000585C       GetDesktopWindow
 0001:000055E4       GetDeviceCaps
 0001:0001D9AC       GetDIB
 0001:000055D4       GetDIBColorTable
 0001:000055DC       GetDIBits
 0001:0001D8F4       GetDIBSizes
 0001:0001CBD4       GetDInColors
 0001:000053BC       GetDiskFreeSpaceA
 0002:00000134       GetDiskFreeSpaceEx
 0001:00005864       GetDlgItem
 0001:0003A9C8       GetDockAlign
 0001:0002DE4C       GetDockSiteAtPos
 0001:0002E178       GetDropCtl
 0001:00002708       GetDynaMethod
 0001:0000FBC4       GetEnumNameValue
 0001:0000FC10       GetEnumValue
 0001:0000A380       GetEraNamesAndYearOffsets
 0001:00009A04       GetEraYearOffset
 0001:0000ACB0       GetExceptionClass
 0001:0000AE94       GetExceptionObject
 0001:000124C0       GetFieldClassTable
 0001:0000020C       GetFileSize
 0001:00000204       GetFileType
 0001:0000B104       GetFileVersion
 0001:0000551C       GetFileVersionInfo
 0001:00005524       GetFileVersionInfoSize
 0001:0000586C       GetFocus
 0001:0001B598       GetFontData
 0001:00005874       GetForegroundWindow
 0001:0000B930       GetFormatSettings
 0001:000053C4       GetFullPathName
 0001:0001AB04       GetHashCode
 0001:0004B750       GetHelpInfo
 0001:000220FC       GetHelpSystem
 0001:0004DFBC       GetHint
 0001:0004DFF4       GetHintControl
 0001:000446F0       GetHotkey
 0001:0000587C       GetIconInfo
 0001:00005894       GetKeyboardLayout
 0001:0000589C       GetKeyboardLayoutList
 0001:000058A4       GetKeyboardState
 0001:0000237C       GetKeyboardType
 0001:00005884       GetKeyNameText
 0001:0000588C       GetKeyState
 0001:000058AC       GetLastActivePopup
 0001:00038C90       GetLastChildZone
 0001:000053CC       GetLastError
 0001:0000028C       GetLastError
 0001:0000A144       GetLocaleChar
 0001:000053DC       GetLocaleInfo
 0001:00000294       GetLocaleInfo
 0001:0000A0F8       GetLocaleStr
 0001:000053D4       GetLocalTime
 0001:0002D460       GetLongHint
 0001:000058B4       GetMenu
 0001:0004B6D8       GetMenuHelpContext
 0001:000058BC       GetMenuItemCount
 0001:000058C4       GetMenuItemID
 0001:000058CC       GetMenuItemInfo
 0001:00041840       GetMenuSize
 0001:000058D4       GetMenuState
 0001:000058DC       GetMenuString
 0001:0000029C       GetModuleFileName
 0001:000053E4       GetModuleFileName
 0001:00005088       GetModuleHandle
 0001:000053EC       GetModuleHandle
 0001:000002A4       GetModuleHandle
 0002:00002910       GetMonitorInfo
 0002:00002914       GetMonitorInfoA
 0002:00002918       GetMonitorInfoW
 0001:0000A1A8       GetMonthDayNames
 0001:000058E4       GetNextWindow
 0001:000055EC       GetObject
 0001:00023D64       GetOpenFileName
 0001:0000FCE4       GetOrdProp
 0001:000055F4       GetPaletteEntries
 0001:000058EC       GetParent
 0001:00046BA4       GetParentForm
 0001:000055FC       GetPixel
 0001:000002AC       GetProcAddress
 0001:000053F4       GetProcAddress
 0001:000058F4       GetProp
 0001:0000FC74       GetPropInfo
 0001:00047064       GetRealScrollPosition
 0001:0003CD7C       GetRGBColor
 0001:000058FC       GetScrollInfo
 0001:00005904       GetScrollPos
 0001:0000590C       GetScrollRange
 0001:0002D41C       GetShortHint
 0001:00000554       GetSpace
 0001:000005B8       GetSpaceAt
 0001:0003F2CC       GetSpecialName
 0001:000002B4       GetStartupInfo
 0001:00000214       GetStdHandle
 0001:000053FC       GetStdHandle
 0001:00005604       GetStockObject
 0001:00005404       GetStringTypeEx
 0001:00005914       GetSubMenu
 0001:0000591C       GetSysColor
 0001:00005924       GetSysColorBrush
 0001:0000540C       GetSystemInfo
 0001:0000592C       GetSystemMenu
 0001:00005934       GetSystemMetrics
 0002:00002900       GetSystemMetrics
 0001:0000560C       GetSystemPaletteEntries
 0001:00005614       GetTextExtentPoint32
 0001:0000561C       GetTextMetrics
 0002:00002A24       GetThemeAppProperties
 0002:00002990       GetThemeBackgroundContentRect
 0002:00002994       GetThemeBackgroundExtent
 0002:000029A4       GetThemeBackgroundRegion
 0002:000029C8       GetThemeBool
 0002:000029BC       GetThemeColor
 0002:00002A30       GetThemeDocumentationProperty
 0002:000029D0       GetThemeEnumValue
 0002:000029F0       GetThemeFilename
 0002:000029D8       GetThemeFont
 0002:000029CC       GetThemeInt
 0002:000029E4       GetThemeIntList
 0002:000029E0       GetThemeMargins
 0002:000029C0       GetThemeMetric
 0002:00002998       GetThemePartSize
 0002:000029D4       GetThemePosition
 0002:000029E8       GetThemePropertyOrigin
 0002:000029DC       GetThemeRect
 0002:000029C4       GetThemeString
 0002:000029FC       GetThemeSysBool
 0002:000029F4       GetThemeSysColor
 0002:000029F8       GetThemeSysColorBrush
 0002:00002A04       GetThemeSysFont
 0002:00002A0C       GetThemeSysInt
 0002:00002A00       GetThemeSysSize
 0002:00002A08       GetThemeSysString
 0002:0000299C       GetThemeTextExtent
 0002:000029A0       GetThemeTextMetrics
 0001:000002BC       GetThreadLocale
 0001:00005414       GetThreadLocale
 0001:0000541C       GetTickCount
 0001:00008D20       GetTime
 0001:000050B4       GetTlsSize
 0001:0004E788       GetTopMostWindows
 0001:0002D5AC       GetTopParent
 0001:0000593C       GetTopWindow
 0001:0000FBB8       GetTypeData
 0001:00000344       GetVersion
 0001:00005424       GetVersion
 0001:0000542C       GetVersionEx
 0001:00005944       GetWindow
 0001:0000594C       GetWindowDC
 0001:00005954       GetWindowLong
 0001:00005624       GetWindowOrgEx
 0001:0000595C       GetWindowPlacement
 0001:00005964       GetWindowRect
 0001:0000596C       GetWindowText
 0002:00002A18       GetWindowTheme
 0001:00005974       GetWindowThreadProcessId
 0001:0000597C       GetWindowThreadProcessId
 0001:00005434       GlobalAddAtom
 0001:0000543C       GlobalAlloc
 0001:00005BF4       GlobalAllocPtr
 0001:00005444       GlobalDeleteAtom
 0001:0000544C       GlobalFindAtom
 0002:00002864       GlobalFixupList
 0001:00015848       GlobalFixupReferences
 0001:00005454       GlobalFree
 0001:00005C20       GlobalFreePtr
 0001:00005464       GlobalHandle
 0001:0000545C       GlobalLock
 0002:00002848       GlobalNameSpace
 0001:0000546C       GlobalReAlloc
 0001:00005C04       GlobalReAllocPtr
 0001:00005474       GlobalUnlock
 0001:00020F68       Graphics
 0001:000126B4       GroupDescendentsWith
 0001:0004B958       HandleEdge
 0001:00016CAC       HandleException
 0002:00000024       HeapAllocFlags
 0002:000025C4       heapErrorCode
 0002:000025C8       heapLock
 0001:00022CA4       HelpIntfs
 0002:0000293C       HelpManager
 0002:00002A74       HelpMsg
 0002:00002B10       HelpViewer
 0002:00002B14       HelpViewerIntf
 0002:00000130       HexDisplayPrefix
 0002:00000A58       HideSelections
 0001:0003AA44       HideZone
 0002:00002664       HInstance
 0002:00002BCC       HintDoneEvent
 0001:0004E0C4       HintGetMsgHook
 0002:00002BD0       HintHook
 0001:0004E068       HintMouseThread
 0002:00002BD4       HintThread
 0002:00002BC8       HintThreadID
 0001:0004E014       HintTimerProc
 0002:00000CEC       HintWindowClass
 0002:000029A8       HitTestThemeBackground
 0001:0004E108       HookHintHooks
 0001:00005D2C       HwndMSWheel
 0002:00000C80       IBreaks
 0002:00000C8C       IChecks
 0002:00000C94       IDefaults
 0001:0001B588       IdentToCharset
 0001:0001B380       IdentToColor
 0001:0002D40C       IdentToCursor
 0001:0001289C       IdentToInt
 0002:00000C9C       IEnables
 0001:000425E4       IfHotkeyAvailable
 0002:00002BA4       ImageListWriteExProc
 0001:00021418       ImageList_Add
 0001:00021438       ImageList_AddIcon
 0001:0002145C       ImageList_BeginDrag
 0001:00021400       ImageList_Create
 0001:00021408       ImageList_Destroy
 0001:0002146C       ImageList_DragEnter
 0001:00021474       ImageList_DragLeave
 0001:0002147C       ImageList_DragMove
 0001:0002148C       ImageList_DragShowNolock
 0001:00021444       ImageList_Draw
 0001:0002144C       ImageList_DrawEx
 0001:00021464       ImageList_EndDrag
 0001:00021430       ImageList_GetBkColor
 0001:00021494       ImageList_GetDragImage
 0001:000214AC       ImageList_GetIconSize
 0001:00021410       ImageList_GetImageCount
 0001:0002149C       ImageList_Read
 0001:00021454       ImageList_Remove
 0001:00021420       ImageList_ReplaceIcon
 0001:00021428       ImageList_SetBkColor
 0001:00021484       ImageList_SetDragCursorImage
 0001:000214B4       ImageList_SetIconSize
 0001:000214A4       ImageList_Write
 0002:00000BF0       Images
 0001:0003E304       ImgList
 0001:00021CAC       Imm
 0002:00000BD4       IMM32DLL
 0001:0003B634       Imm32IsIME
 0002:00000184       IMSecsPerDay
 0001:0000DB30       InBounds
 0001:0000DDD0       InBounds
 0001:0000DE00       Increment
 0001:0000DB60       Increment
 0002:00002BEC       IndexMap
 0001:00005984       InflateRect
 0001:00025D70       IniFiles
 0001:00000A3C       InitAllocator
 0001:000214F4       InitAnApi
 0002:00002928       InitApis
 0001:0002136C       InitComCtl
 0001:000265A4       InitCommonControl
 0001:00021364       InitCommonControls
 0001:000213CC       InitCommonControlsEx
 0001:00012B44       InitComponent
 0002:00002634       InitContext
 0001:0003B6D0       InitControls
 0001:00020AE8       InitDefFontData
 0001:0000BD98       InitDriveSpacePtr
 0001:0000AF70       InitExceptions
 0001:00022D84       InitFlatSB
 0001:00025298       InitGlobals
 0001:0001D7AC       InitializeBitmapInfoHeader
 0001:00000390       InitializeCriticalSection
 0001:0000547C       InitializeCriticalSection
 0002:000025C0       initialized
 0001:00022D5C       InitializeFlatSB
 0001:00005140       InitializeModule
 0001:0000CCDC       InitializeVarUtils
 0001:0003B2D4       InitIMM32
 0001:00012BEC       InitInheritedComponent
 0001:0000B744       InitLeadBytes
 0001:00021BD0       InitMultiMonStubs
 0001:0000B074       InitPlatformId
 0002:00002040       InitProc
 0001:00050C24       InitProcs
 0001:00020A6C       InitScreenLogPixels
 0001:0000B7BC       InitSysLocale
 0001:000233AC       InitThemeLibrary
 0001:000185B8       InitThreadSynchronization
 0001:000050BC       InitThreadTLS
 0001:00002F5C       InitUnits
 0001:0002D0F0       InitWndProc
 0002:00000B74       InnerStyles
 0002:0000204C       Input
 0001:00032B14       InsertBefore
 0001:0004DAEC       InsertBefore
 0001:00000E48       InsertFree
 0001:00042698       InsertHotkeyFarEastFormat
 0001:0000598C       InsertMenu
 0001:00005994       InsertMenuItem
 0002:00002880       InstBlockList
 0002:00002884       InstFreeList
 0002:00002858       IntConstList
 0001:00000334       InterlockedDecrement
 0001:0000BE00       InterlockedDecrement
 0001:00005384       InterlockedExchange
 0001:0000BE0C       InterlockedExchange
 0001:0000BE14       InterlockedExchangeAdd
 0001:0000BDF4       InterlockedIncrement
 0001:0000032C       InterlockedIncrement
 0001:00001A58       InternalClose
 0001:0001AA90       InternalDeletePalette
 0001:00001C34       InternalFlush
 0001:00000CA4       InternalFreeMem
 0001:0001D8FC       InternalGetDIB
 0001:0001D890       InternalGetDIBSizes
 0001:000129DC       InternalReadComponentRes
 0002:00002AF8       InternalServices
 0001:00003740       InternalUniqueString
 0001:0000562C       IntersectClipRect
 0001:0000599C       IntersectRect
 0001:000073A0       IntToHex
 0001:00007378       IntToHex
 0001:000128DC       IntToIdent
 0001:00007264       IntToStr
 0001:00007350       IntToStr
 0001:000059A4       InvalidateRect
 0001:0001C950       InvalidBitmap
 0001:0001C938       InvalidGraphic
 0001:0001C95C       InvalidIcon
 0001:0001C920       InvalidOperation
 0001:00011A48       InvalidPoint
 0002:00002798       InvalidPointer
 0001:000025C0       InvokeImplGetter
 0001:000018D8       IOResult
 0002:00000CBC       IOwnerDraw
 0002:00000CA4       IRadios
 0002:00000CB4       IRTL
 0001:00046B34       IsAccel
 0001:00043848       IsAccelChar
 0002:00002A14       IsAppThemed
 0001:0002DC04       IsBeforeTargetWindow
 0001:000059AC       IsChild
 0002:00002048       IsConsole
 0001:0000B54C       IsDelimiter
 0001:0002E060       IsDelphiHandle
 0001:000059B4       IsDialogMessage
 0002:00000CAC       ISeparators
 0001:000059BC       IsIconic
 0001:000438A4       IsInitialChar
 0001:00008960       IsLeapYear
 0002:00002034       IsLibrary
 0002:00002049       IsMultiThread
 0001:000386F4       IsOrientationSet
 0001:0000B518       IsPathDelimiter
 0001:000059C4       IsRectEmpty
 0001:0002DE08       IsSiteChildOfClient
 0002:00002A10       IsThemeActive
 0002:000029B8       IsThemeBackgroundPartiallyTransparent
 0002:00002A20       IsThemeDialogTextureEnabled
 0002:000029B4       IsThemePartDefined
 0001:000129B8       IsUniqueGlobalComponentName
 0002:0000284C       IsUniqueGlobalComponentNameProc
 0001:000071B4       IsValidIdent
 0001:0000B7A4       IsWesternGroup
 0001:000059CC       IsWindow
 0001:000059D4       IsWindowEnabled
 0001:000059DC       IsWindowVisible
 0001:000059E4       IsZoomed
 0001:0003F698       Iterate
 0001:0003F6F8       IterateMenus
 0002:0000002C       JITEnable
 0001:00046AE8       KeyboardStateToShiftState
 0001:00046AAC       KeyDataToShiftState
 0001:00046A58       KeysToShiftState
 0001:000059EC       KillTimer
 0001:00007744       LastDelimiter
 0001:0000B6D0       LCIDToCodePage
 0001:00004EEC       LCIDToCodePage
 0002:00000110       LeadBytes
 0001:000003A0       LeaveCriticalSection
 0001:00005484       LeaveCriticalSection
 0002:00000038       LibModuleList
 0001:00005634       LineTo
 0001:00025ED4       ListActns
 0001:0002EBF0       ListAdd
 0001:0002EC18       ListRemove
 0002:0000274E       ListSeparator
 0001:000059F4       LoadBitmap
 0001:000059FC       LoadCursor
 0001:00005A04       LoadIcon
 0001:00005A0C       LoadKeyboardLayout
 0001:0000548C       LoadLibrary
 0001:000002C4       LoadLibraryEx
 0001:00005494       LoadResource
 0001:000045F4       LoadResourceModule
 0001:00004E94       LoadResString
 0001:000002CC       LoadString
 0001:00005A14       LoadString
 0001:00000370       LocalAlloc
 0001:00005090       LocalAlloc
 0001:00000378       LocalFree
 0001:0000A16C       LocalGetLocaleStr
 0002:00002A48       Lock
 0001:0000549C       LockResource
 0002:00002690       LongDateFormat
 0002:00002724       LongDayNames
 0002:000026D8       LongMonthNames
 0002:000026A4       LongTimeFormat
 0001:00006E50       LowerCase
 0001:00005514       lstrcpy
 0001:000002D4       lstrcpyn
 0002:00002820       LVarTypes
 0002:00002824       LVarTypeSync
 0002:0000202C       MainInstance
 0002:00002030       MainThreadID
 0001:00000400       MakeEmpty
 0001:0000306C       MakeErrorMessage
 0002:00000BC0       MakeLast
 0001:00005BCC       MakeLong
 0001:0001985C       MakeObjectInstance
 0001:00005C34       MakeROP4
 0001:00005C6C       MakeWParam
 0001:0000AC30       MapException
 0001:00025E44       Mapi
 0002:000009AC       MAPIDLL
 0002:000009B0       MAPIModule
 0001:00002D74       MapToRunError
 0001:00005A1C       MapVirtualKey
 0001:00005A24       MapWindowPoints
 0002:00000BF8       Mask
 0001:0000563C       MaskBlt
 0001:000210A4       Math
 0001:0002106C       Max
 0001:000493EC       MaximizedChildren
 0002:00002BF0       media_size
 0002:00000040       MemoryManager
 0002:00000C14       MenuKeyCaps
 0001:000448C0       Menus
 0001:00000450       MergeBlockAfter
 0001:00000F1C       MergeCommit
 0001:00000264       MessageBox
 0001:00005A2C       MessageBox
 0001:00005E8C       Messages
 0001:00013250       Min
 0001:00021064       Min
 0001:0003249C       MinVar
 0002:00002930       MMAvailable
 0002:00000BD8       ModeMap
 0001:0004B0E4       ModifySystemMenu
 0002:000000A8       Module
 0002:00002661       ModuleIsCpp
 0002:00002660       ModuleIsLib
 0001:0001982C       ModuleUnload
 0002:0000003C       ModuleUnloadList
 0002:0000290C       MonitorFromPoint
 0002:00002908       MonitorFromRect
 0002:00002904       MonitorFromWindow
 0002:000000E0       MonthDays
 0002:00002B18       Mouse
 0001:000018F8       Move
 0001:00005644       MoveToEx
 0001:0002EC38       MoveWindowOrg
 0001:000054A4       MulDiv
 0001:000002E4       MultiByteToWideChar
 0001:000506C8       MultiLineWidth
 0001:00021C6C       MultiMon
 0002:00002685       NegCurrFormat
 0001:00000FA8       NewCommit
 0001:00000FD4       NewCommitAt
 0002:00002B1C       NewStyleControls
 0001:0000B4DC       NextCharIndex
 0001:000386D8       NextVisibleZone
 0002:000003E4       NilMethod
 0002:00000030       NoErrMsg
 0001:000404AC       NormalDraw
 0001:0000292C       NotifyAnyExcept
 0001:00002900       NotifyExcept
 0001:00002960       NotifyExceptFinally
 0001:00012AB8       NotifyGlobalLoading
 0001:000048F4       NotifyModuleUnload
 0001:000028DC       NotifyNonDelphiException
 0001:00002918       NotifyOnExcept
 0001:000028C0       NotifyReRaise
 0001:00002988       NotifyTerminate
 0001:000029A4       NotifyUnhandled
 0001:00043224       NthParentOf
 0001:0000F940       Null
 0002:00000320       NullAsStringValue
 0002:0000031C       NullStrictConvert
 0001:0002D1A8       ObjectFromHWnd
 0002:00000A60       OEMConverts
 0001:00005A34       OemToAnsi
 0002:00002BE0       offblocks
 0002:00002BE4       offData
 0001:00005A3C       OffsetRect
 0002:00000730       OpenOptions
 0002:00000788       OpenOptionsEx
 0001:00001978       OpenText
 0002:00002980       OpenThemeData
 0002:00000BB8       OrientArray
 0002:00000B84       OuterStyles
 0002:00002794       OutOfMemory
 0001:0001C968       OutOfResources
 0002:00002218       Output
 0002:00000324       PackVarCreation
 0002:000006E0       Pal16
 0001:0001AE74       PaletteChanged
 0001:0001D154       PaletteFromDIBColorTable
 0001:0001D1F8       PaletteToDIBColorTable
 0002:000006DC       PalSize
 0001:00038ABC       ParentNotLast
 0002:00000A3C       Passwords
 0001:0000564C       PatBlt
 0002:000028E8       PatternManager
 0001:00005A44       PeekMessage
 0002:000028DC       PenManager
 0002:000006AC       PenModes
 0002:0000068C       PenStyles
 0001:000119D0       Point
 0001:000051E4       Point
 0001:00011E08       PointerInModule
 0001:00033CF8       PointsEqual
 0001:00005C54       PointToSmallPoint
 0002:00002BA8       PopupList
 0001:00005A4C       PostMessage
 0001:00005A54       PostQuitMessage
 0001:00022D20       Printers
 0001:0004C7F8       ProcessExecute
 0001:00046D64       ProcessHorz
 0001:0004C8F8       ProcessUpdate
 0001:00046DD0       ProcessVert
 0001:00026608       ProgressLimitError
 0001:00052878       Project1
 0001:00015B44       PropertyNotFound
 0001:00016DAC       PropPathError
 0002:00000D1C       Props
 0001:00015B38       PropValueError
 0001:00005A5C       PtInRect
 0002:000000A4       PtrToNil
 0001:00008108       PutExponent
 0002:00002B60       QualifyingSites
 0001:0000ABEC       RaiseAssertException
 0001:00014B58       RaiseException
 0001:0000021C       RaiseException
 0002:00002014       RaiseExceptionProc
 0001:0000BCB0       RaiseLastOSError
 0001:0003982C       ReadControlName
 0001:00017FEC       ReadCustomVariant
 0001:00015B20       ReadError
 0001:000054AC       ReadFile
 0001:00000224       ReadFile
 0001:0001D4A4       ReadIcon
 0002:00000A44       ReadOnlys
 0001:00005654       RealizePalette
 0001:00016360       Recover
 0001:000119F8       Rect
 0001:000051C8       Rect
 0001:0000565C       RectVisible
 0001:00005A64       RedrawWindow
 0002:00002818       RefAnyProc
 0002:00002A44       ReferenceCount
 0001:0000530C       RegCloseKey
 0001:000002EC       RegCloseKey
 0002:0000285C       RegGroups
 0001:000125AC       RegisterClass
 0001:00005A6C       RegisterClass
 0001:00005A74       RegisterClipboardFormat
 0001:0002DFA8       RegisterDockSite
 0001:00012920       RegisterFindGlobalComponentProc
 0001:000127F4       RegisterIntegerConsts
 0001:00004950       RegisterModule
 0001:00022078       RegisterViewer
 0001:00005A7C       RegisterWindowMessage
 0001:00025DD8       Registry
 0001:000002F4       RegOpenKeyEx
 0001:00005314       RegOpenKeyEx
 0001:000002FC       RegQueryValueEx
 0001:0000531C       RegQueryValueEx
 0001:00023C80       RegStr
 0001:00005A84       ReleaseCapture
 0001:00005A8C       ReleaseDC
 0002:0000004C       reMap
 0002:00002618       remBytes
 0001:000004C0       RemoveBlock
 0002:000003C0       RemoveDataModule
 0001:000159F0       RemoveFixupReferences
 0001:00015A9C       RemoveFixups
 0001:00015D94       RemoveGlobalFixup
 0001:00005A94       RemoveMenu
 0001:0000486C       RemoveModuleUnloadProc
 0001:00004894       RemoveModuleUnloadProc
 0001:00005A9C       RemoveProp
 0001:000054B4       ResetEvent
 0001:00018604       ResetSyncEvent
 0001:0000145C       ResizeInPlace
 0001:00005664       RestoreDC
 0001:00046704       RestoreFocusState
 0001:0003F26C       ReturnAddr
 0001:00012D7C       ReturnAddr
 0001:000139F4       ReturnAddr
 0001:0001CED4       RGBQuadToTriple
 0001:0001CE9C       RGBTripleToQuad
 0001:00023BD8       RichEdit
 0002:00002B30       RM_GetObjectInstance
 0002:00002BC4       RM_TaskbarCreated
 0001:00050D6C       round512
 0001:00051A5C       round512
 0002:00002614       rover
 0002:000009B4       RTFConversionFormat
 0001:0000FB84       RTLConsts
 0001:0000022C       RtlUnwind
 0002:00002018       RTLUnwindProc
 0002:00000070       runErrMsg
 0001:00001800       RunErrorAt
 0001:0000CC90       SafeArrayCreate
 0001:0000CC98       SafeArrayGetLBound
 0001:0000CCA0       SafeArrayGetUBound
 0001:0000CCA8       SafeArrayPtrOfIndex
 0001:0000C2D8       SafeLoadLibrary
 0001:00006F30       SameText
 0001:0000566C       SaveDC
 0001:000466FC       SaveFocusState
 0001:000097F4       ScanBlanks
 0001:00009938       ScanChar
 0001:00009AB4       ScanDate
 0001:00009818       ScanNumber
 0001:000098AC       ScanString
 0001:00009DF8       ScanTime
 0001:000099BC       ScanToNumber
 0002:00002BBC       Screen
 0002:00002894       ScreenLogPixels
 0001:00005AA4       ScreenToClient
 0002:00000A84       ScrollBar
 0001:00046F1C       ScrollBarVisible
 0001:00005AAC       ScrollWindow
 0001:00001008       SearchSmallBlocks
 0001:00005674       SelectObject
 0001:0000567C       SelectPalette
 0001:0002D238       SendAppMessage
 0001:0004696C       SendFocusMessage
 0001:00005AB4       SendMessage
 0002:00000C78       Separators
 0001:00001938       Set8087CW
 0001:00005ABC       SetActiveWindow
 0001:0004E208       SetAnimation
 0001:00005684       SetBkColor
 0001:0000568C       SetBkMode
 0001:00005694       SetBrushOrgEx
 0001:00005AC4       SetCapture
 0001:0002D4CC       SetCaptureControl
 0001:00005ACC       SetClassLong
 0001:0000F4CC       SetClearVarToEmptyParam
 0001:000164D0       SetCompName
 0001:00005AD4       SetCursor
 0001:0000569C       SetDIBColorTable
 0001:000054BC       SetEndOfFile
 0001:00000234       SetEndOfFile
 0001:000054C4       SetErrorMode
 0001:000054CC       SetEvent
 0001:00002EB4       SetExceptionHandler
 0001:000054D4       SetFilePointer
 0001:0000023C       SetFilePointer
 0001:0000FFE8       SetFloatProp
 0001:00005ADC       SetFocus
 0001:00005AE4       SetForegroundWindow
 0001:0003B558       SetImeMode
 0001:00001884       SetInOutRes
 0001:0001026C       SetInt64Prop
 0001:000102A8       SetInterfaceProp
 0001:0001708C       SetInterfaceReference
 0001:00016FA8       SetIntIdent
 0002:00000CF0       SetLayeredWindowAttributes
 0001:0000FE50       SetLongStrProp
 0001:00005AEC       SetMenu
 0001:00005AF4       SetMenuItemInfo
 0001:00010234       SetMethodProp
 0001:00016FF0       SetObjectIdent
 0001:0000FD58       SetOrdProp
 0001:00005AFC       SetParent
 0001:000056A4       SetPixel
 0001:00005B04       SetProp
 0001:00005B0C       SetRect
 0001:000056AC       SetROP2
 0001:00005B14       SetScrollInfo
 0001:00005B1C       SetScrollPos
 0001:00005B24       SetScrollRange
 0001:0000FDB4       SetShortStrProp
 0001:0000FE08       SetShortStrPropAsLongStr
 0001:000056B4       SetStretchBltMode
 0001:0000FEE8       SetStrProp
 0001:000162D8       SetSubComponentState
 0001:000056BC       SetTextColor
 0002:00002A28       SetThemeAppProperties
 0001:000054DC       SetThreadLocale
 0001:00005B2C       SetTimer
 0001:0000F4B4       SetVarAsError
 0001:000101F4       SetVariantProp
 0001:00017030       SetVariantReference
 0001:000056C4       SetViewportOrgEx
 0001:000501D8       SetVisible
 0001:0000FF14       SetWideStrProp
 0001:0000FE90       SetWideStrPropAsLongStr
 0001:00005B34       SetWindowLong
 0001:000056CC       SetWindowOrgEx
 0001:00005B3C       SetWindowPlacement
 0001:00005B44       SetWindowPos
 0001:00005B54       SetWindowsHookEx
 0001:00005B4C       SetWindowText
 0002:000029EC       SetWindowTheme
 0002:00000150       ShareMode
 0001:00023C48       ShellAPI
 0002:00002AE8       ShellModule
 0001:00023D5C       ShlObj
 0001:0003F294       ShortCut
 0002:00002BAC       ShortCutItems
 0001:0003F320       ShortCutToText
 0002:0000268C       ShortDateFormat
 0002:00002708       ShortDayNames
 0002:000026A8       ShortMonthNames
 0002:000026A0       ShortTimeFormat
 0002:00000D50       ShowCommands
 0002:00000D68       ShowCommands
 0002:00000D5C       ShowCommands
 0001:00005B5C       ShowCursor
 0001:0000A7EC       ShowException
 0002:00000B6C       ShowFlags
 0002:00000E04       ShowFlags
 0001:0004670C       ShowMDIClientEdge
 0001:00005B64       ShowOwnedPopups
 0001:00005B6C       ShowScrollBar
 0001:00005B74       ShowWindow
 0001:0004E230       ShowWinNoAnimate
 0001:0003AAC4       ShowZone
 0002:00000BCC       SizeCursors
 0001:000054E4       SizeofResource
 0001:00017B20       SkipBinary
 0001:00017B50       SkipCollection
 0001:00017AF8       SkipList
 0001:0000BCA8       Sleep
 0001:000054EC       Sleep
 0001:000119E8       SmallPoint
 0001:00005C40       SmallPointToPoint
 0002:00002620       smallTab
 0002:000025E8       spaceRoot
 0001:00012668       StartClassGroup
 0001:0002A3E4       StdActns
 0001:0002A27C       StdCtrls
 0001:00019834       StdWndProc
 0002:0000289C       StockBrush
 0002:000028A0       StockFont
 0002:000028A4       StockIcon
 0002:00002898       StockPen
 0001:00007B58       StrAlloc
 0001:00007B6C       StrBufSize
 0001:0000B28C       StrByteType
 0001:0000B478       StrCharLength
 0001:00007A34       StrComp
 0001:00007994       StrCopy
 0001:00007BA4       StrDispose
 0001:0003DA50       StreamsEqual
 0001:00007970       StrEnd
 0001:000056D4       StretchBlt
 0001:00007FB4       StrFmt
 0001:00007A58       StrIComp
 0001:000149F4       StringListCompareStrings
 0001:0004465C       StripHotkey
 0001:000079BC       StrLCopy
 0001:00007958       StrLen
 0001:00007FF4       StrLFmt
 0001:00007A98       StrLIComp
 0001:00007984       StrMove
 0001:00007B78       StrNew
 0001:0000B498       StrNextChar
 0001:00007B44       StrPas
 0001:000079F0       StrPCopy
 0001:00007A14       StrPLCopy
 0001:00007AF0       StrPos
 0001:00007ADC       StrScan
 0001:000073D0       StrToInt
 0001:0000740C       StrToIntDef
 0001:00025BD8       StrUtils
 0002:00000D44       Styles
 0001:0000C240       Supports
 0001:0000C21C       Supports
 0002:00002850       SyncEvent
 0002:000003EC       SyncList
 0001:000231E4       SyncObjs
 0001:00000314       SysAllocStringLen
 0001:0000619C       SysConst
 0002:00000D0C       SysConsts
 0002:00000D14       SysConsts
 0001:0000A0AC       SysErrorMessage
 0001:000012B8       SysFreeMem
 0001:00000324       SysFreeString
 0001:00001128       SysGetMem
 0001:000051C0       SysInit
 0002:00002740       SysLocale
 0001:00001638       SysReallocMem
 0001:0000031C       SysReAllocStringLen
 0001:00004FB4       System
 0002:0000288C       SystemPalette16
 0001:0001D0BC       SystemPaletteOverride
 0001:00005B7C       SystemParametersInfo
 0001:0000C7AC       SysUtils
 0001:0003C3EC       TActionLink.IsCaptionLinked
 0001:0003C400       TActionLink.IsCheckedLinked
 0001:0003C414       TActionLink.IsEnabledLinked
 0001:0003C428       TActionLink.IsGroupIndexLinked
 0001:0003C43C       TActionLink.IsHelpContextLinked
 0001:0003C450       TActionLink.IsHelpLinked
 0001:0003C464       TActionLink.IsHintLinked
 0001:0003C478       TActionLink.IsImageIndexLinked
 0001:0003C48C       TActionLink.IsShortCutLinked
 0001:0003C4A0       TActionLink.IsVisibleLinked
 0001:0003C4B4       TActionLink.SetAutoCheck
 0001:0003C4B8       TActionLink.SetCaption
 0001:0003C4BC       TActionLink.SetChecked
 0001:0003C4C0       TActionLink.SetEnabled
 0001:0003C4C4       TActionLink.SetGroupIndex
 0001:0003C4C8       TActionLink.SetHelpContext
 0001:0003C4CC       TActionLink.SetHelpKeyword
 0001:0003C4D0       TActionLink.SetHelpType
 0001:0003C4D4       TActionLink.SetHint
 0001:0003C4D8       TActionLink.SetImageIndex
 0001:0003C4DC       TActionLink.SetShortCut
 0001:0003C4E0       TActionLink.SetVisible
 0001:00050774       TApplication.ActivateHint
 0001:0004F3C8       TApplication.BringToFront
 0001:000504DC       TApplication.CancelHint
 0001:0004E9AC       TApplication.CheckIniChange
 0001:0004E728       TApplication.ControlDestroyed
 0001:0004E270       TApplication.Create
 0001:0004F7C8       TApplication.CreateForm
 0001:0004E578       TApplication.CreateHandle
 0001:0004E45C       TApplication.Destroy
 0001:00050B44       TApplication.DispatchAction
 0001:0004FEA8       TApplication.DoActionIdle
 0001:0004FF0C       TApplication.DoMouseIdle
 0001:0004E7F8       TApplication.DoNormalizeTopMosts
 0001:00050BD4       TApplication.ExecuteAction
 0001:00050B08       TApplication.GetCurrentHelpFile
 0001:0004F1FC       TApplication.GetIconHandle
 0001:0004F404       TApplication.GetTitle
 0001:0004F948       TApplication.HandleException
 0001:0004F6B4       TApplication.HandleMessage
 0001:0004FE50       TApplication.HelpCommand
 0001:0004FDE8       TApplication.HelpContext
 0001:0004FD80       TApplication.HelpKeyword
 0001:00050498       TApplication.HideHint
 0001:00050350       TApplication.HintMouseMessage
 0001:00050460       TApplication.HintTimerExpired
 0001:0004F6D8       TApplication.HookMainWindow
 0001:00050C80       TApplication.HookSynchronizeWakeup
 0001:000500E0       TApplication.IconChanged
 0001:0004FF84       TApplication.Idle
 0001:0004F7B0       TApplication.Initialize
 0001:0004FC18       TApplication.InvokeHelp
 0001:0004F450       TApplication.IsDlgMsg
 0001:0004F57C       TApplication.IsHintMsg
 0001:0004F4C4       TApplication.IsKeyMsg
 0001:0004F474       TApplication.IsMDIMsg
 0001:0004F5B0       TApplication.IsShortCut
 0001:0004F9D8       TApplication.MessageBox
 0001:0004F218       TApplication.Minimize
 0001:0004E8D4       TApplication.ModalFinished
 0001:0004E8A8       TApplication.ModalStarted
 0001:0004E908       TApplication.NormalizeAllTopMosts
 0001:0004E900       TApplication.NormalizeTopMosts
 0001:000500A4       TApplication.NotifyForms
 0001:0004F61C       TApplication.ProcessMessage
 0001:0004F2C8       TApplication.Restore
 0001:0004E910       TApplication.RestoreTopMosts
 0001:0004F848       TApplication.Run
 0001:00050144       TApplication.SetHint
 0001:0004FE58       TApplication.SetShowHint
 0001:0004EA04       TApplication.SettingChange
 0001:0004FB40       TApplication.ShowException
 0001:000502E4       TApplication.StartHintTimer
 0001:00050328       TApplication.StopHintTimer
 0001:0004F934       TApplication.Terminate
 0001:0004F734       TApplication.UnhookMainWindow
 0001:00050C90       TApplication.UnhookSynchronizeWakeup
 0001:00050BFC       TApplication.UpdateAction
 0001:00050234       TApplication.UpdateVisible
 0001:0004E994       TApplication.UseRightToLeftAlignment
 0001:0004E97C       TApplication.UseRightToLeftReading
 0001:000502BC       TApplication.ValidateHelpSystem
 0001:00050C70       TApplication.WakeMainThread
 0001:0004EAF8       TApplication.WndProc
 0002:00000CFC       TaskActiveWindow
 0002:00000D04       TaskFirstTopMost
 0002:00000D00       TaskFirstWindow
 0002:00000D08       TaskWindowList
 0001:0002D91C       TBaseDragControlObject.Assign
 0001:0002D8F8       TBaseDragControlObject.Create
 0001:0002D948       TBaseDragControlObject.EndDrag
 0001:0002D974       TBaseDragControlObject.Finished
 0001:00019238       TBasicAction.Change
 0001:000190D4       TBasicAction.Create
 0001:00019118       TBasicAction.Destroy
 0001:000191A4       TBasicAction.Execute
 0001:00019174       TBasicAction.ExecuteTarget
 0001:00019170       TBasicAction.HandlesTarget
 0001:00019178       TBasicAction.Notification
 0001:0001924C       TBasicAction.RegisterChanges
 0001:00019298       TBasicAction.SetActionComponent
 0001:000191DC       TBasicAction.SetOnExecute
 0001:00019258       TBasicAction.UnRegisterChanges
 0001:000191C0       TBasicAction.Update
 0001:000191A0       TBasicAction.UpdateTarget
 0001:00019024       TBasicActionLink.AssignClient
 0001:0001905C       TBasicActionLink.Change
 0001:00018FE0       TBasicActionLink.Create
 0001:00019028       TBasicActionLink.Destroy
 0001:00019074       TBasicActionLink.Execute
 0001:000190BC       TBasicActionLink.IsOnExecuteLinked
 0001:00019090       TBasicActionLink.SetAction
 0001:000190C0       TBasicActionLink.SetOnExecute
 0001:000190C8       TBasicActionLink.Update
 0001:0001EE14       TBitmap.Assign
 0001:0001EFE8       TBitmap.Changed
 0001:0001EFC4       TBitmap.Changing
 0001:0001EF04       TBitmap.CopyImage
 0001:0001ED70       TBitmap.Create
 0001:0001EDD8       TBitmap.Destroy
 0001:0001F474       TBitmap.DIBNeeded
 0001:0001EFF4       TBitmap.Dormant
 0001:0001F068       TBitmap.Draw
 0001:0001F4E8       TBitmap.FreeContext
 0001:0001F2B8       TBitmap.FreeImage
 0001:0001F338       TBitmap.GetCanvas
 0001:0001F31C       TBitmap.GetEmpty
 0001:0001F380       TBitmap.GetHandle
 0001:0001F3A4       TBitmap.GetHandleType
 0001:0001F3D0       TBitmap.GetHeight
 0001:0001F3E0       TBitmap.GetMaskHandle
 0001:0001F3F4       TBitmap.GetMonochrome
 0001:0001F410       TBitmap.GetPalette
 0001:0001F424       TBitmap.GetTransparentColor
 0001:0001F46C       TBitmap.GetWidth
 0001:0001F4F8       TBitmap.HandleNeeded
 0001:0001F6B0       TBitmap.LoadFromClipboardFormat
 0001:0001F734       TBitmap.LoadFromStream
 0001:0001F598       TBitmap.MaskHandleNeeded
 0001:0001F758       TBitmap.NewImage
 0001:0001F5F8       TBitmap.PaletteNeeded
 0001:0001F858       TBitmap.ReadData
 0001:0001F880       TBitmap.ReadDIB
 0001:0001FDE8       TBitmap.ReadStream
 0001:00020518       TBitmap.SaveToClipboardFormat
 0001:00020510       TBitmap.SaveToStream
 0001:0001FE58       TBitmap.SetHandle
 0001:0001FF1C       TBitmap.SetHandleType
 0001:00020054       TBitmap.SetHeight
 0001:000200A8       TBitmap.SetMonochrome
 0001:00020128       TBitmap.SetPalette
 0001:000201FC       TBitmap.SetWidth
 0001:00020250       TBitmap.WriteData
 0001:00020258       TBitmap.WriteStream
 0001:0001E0D4       TBitmapCanvas.Create
 0001:0001E1DC       TBitmapCanvas.CreateHandle
 0001:0001E110       TBitmapCanvas.Destroy
 0001:0001E13C       TBitmapCanvas.FreeContext
 0001:0001E2EC       TBitmapImage.Destroy
 0001:0001E348       TBitmapImage.FreeHandle
 0001:00013208       TBits.Destroy
 0001:00013238       TBits.Error
 0001:0001332C       TBits.OpenBit
 0001:00013300       TBits.SetBit
 0001:0001325C       TBits.SetSize
 0001:0001BEAC       TBrush.Assign
 0001:0001BE44       TBrush.Create
 0001:0001BE84       TBrush.Destroy
 0001:0001BFE4       TBrush.GetColor
 0001:0001BF54       TBrush.GetData
 0001:0001C020       TBrush.GetHandle
 0001:0001C100       TBrush.GetStyle
 0001:0001BFC0       TBrush.SetBitmap
 0001:0001BFEC       TBrush.SetColor
 0001:0001BF70       TBrush.SetData
 0001:0001C108       TBrush.SetStyle
 0001:00029F74       TButton.Click
 0001:0002A0FC       TButton.CMDialogChar
 0001:0002A08C       TButton.CMDialogKey
 0001:0002A180       TButton.CMFocusChanged
 0001:0002A078       TButton.CNCommand
 0001:0002A200       TButton.CNCtlColorBtn
 0001:00029F10       TButton.Create
 0001:0002A024       TButton.CreateParams
 0001:0002A060       TButton.CreateWnd
 0001:00029F9C       TButton.SetButtonStyle
 0001:00029FF0       TButton.SetDefault
 0001:00029F98       TButton.UseRightToLeftAlignment
 0001:0002A1D4       TButton.WMEraseBkgnd
 0001:00029C7C       TButtonActionLink.AssignClient
 0001:00029CA0       TButtonActionLink.IsCheckedLinked
 0001:00029CD8       TButtonActionLink.SetChecked
 0001:00029D90       TButtonControl.ActionChange
 0001:00029E60       TButtonControl.CNCtlColorStatic
 0001:00029D3C       TButtonControl.Create
 0001:00029ED8       TButtonControl.CreateParams
 0001:00029DD8       TButtonControl.GetActionLinkClass
 0001:00029DE0       TButtonControl.GetChecked
 0001:00029DE4       TButtonControl.SetChecked
 0001:00029EFC       TButtonControl.SetWordWrap
 0001:00029EAC       TButtonControl.WMEraseBkGnd
 0001:00029DE8       TButtonControl.WndProc
 0001:0001C900       TCanvas.BrushChanged
 0001:0001C7D4       TCanvas.Changed
 0001:0001C7C0       TCanvas.Changing
 0001:0001C25C       TCanvas.CopyRect
 0001:0001C13C       TCanvas.Create
 0001:0001C844       TCanvas.CreateBrush
 0001:0001C7E8       TCanvas.CreateFont
 0001:0001C6F4       TCanvas.CreateHandle
 0001:0001C814       TCanvas.CreatePen
 0001:0001C698       TCanvas.DeselectHandles
 0001:0001C200       TCanvas.Destroy
 0001:0001C2E4       TCanvas.Draw
 0001:0001C390       TCanvas.FillRect
 0001:0001C8C0       TCanvas.FontChanged
 0001:0001C678       TCanvas.GetHandle
 0001:0001C5C0       TCanvas.GetPenPos
 0001:0001C604       TCanvas.GetPixel
 0001:0001C3CC       TCanvas.LineTo
 0001:0001C404       TCanvas.Lock
 0001:0001C42C       TCanvas.MoveTo
 0001:0001C8E0       TCanvas.PenChanged
 0001:0001C74C       TCanvas.RequiredState
 0001:0001C5B4       TCanvas.SetBrush
 0001:0001C598       TCanvas.SetFont
 0001:0001C6F8       TCanvas.SetHandle
 0001:0001C5A8       TCanvas.SetPen
 0001:0001C5E4       TCanvas.SetPenPos
 0001:0001C630       TCanvas.SetPixel
 0001:0001C458       TCanvas.StretchDraw
 0001:0001C494       TCanvas.TextExtent
 0001:0001C4F4       TCanvas.TextHeight
 0001:0001C4D8       TCanvas.TextWidth
 0001:0001C514       TCanvas.TryLock
 0001:0001C570       TCanvas.Unlock
 0001:0003E2BC       TChangeLink.Change
 0001:0003E288       TChangeLink.Destroy
 0001:000122DC       TClassFinder.Create
 0001:00012408       TClassFinder.Destroy
 0001:00012438       TClassFinder.GetClass
 0001:0001362C       TCollection.Add
 0001:0001364C       TCollection.Clear
 0001:000245C4       TCommonDialog.Create
 0001:00024668       TCommonDialog.DefaultHandler
 0001:0002460C       TCommonDialog.Destroy
 0001:0002480C       TCommonDialog.DoClose
 0001:00024820       TCommonDialog.DoShow
 0001:000246A0       TCommonDialog.MainWndProc
 0001:00024640       TCommonDialog.MessageHook
 0001:00024738       TCommonDialog.TaskModalDialog
 0001:000246F4       TCommonDialog.WMDestroy
 0001:0002470C       TCommonDialog.WMInitDialog
 0001:00024724       TCommonDialog.WMNCDestroy
 0001:000246EC       TCommonDialog.WndProc
 0001:00018890       TComponent.BeforeDestruction
 0001:00018DB0       TComponent.ChangeName
 0001:000187CC       TComponent.Create
 0001:00018B44       TComponent.DefineProperties
 0001:00018818       TComponent.Destroy
 0001:00018A14       TComponent.DestroyComponents
 0001:00018A6C       TComponent.Destroying
 0001:00018EEC       TComponent.ExecuteAction
 0001:00018CD4       TComponent.FindComponent
 0001:0001889C       TComponent.FreeNotification
 0001:00018BD8       TComponent.GetChildOwner
 0001:00018BDC       TComponent.GetChildParent
 0001:00018BD0       TComponent.GetChildren
 0001:00018DC4       TComponent.GetComponent
 0001:00018DF0       TComponent.GetComponentCount
 0001:00018BE0       TComponent.GetNamePath
 0001:00018BF4       TComponent.GetOwner
 0001:00018BFC       TComponent.GetParentComponent
 0001:00018BCC       TComponent.HasParent
 0001:00018930       TComponent.Insert
 0001:00018984       TComponent.InsertComponent
 0001:00018FDC       TComponent.IntfGetComponent
 0001:00018C1C       TComponent.Loaded
 0001:00018AE8       TComponent.Notification
 0001:00018C28       TComponent.PaletteCreated
 0001:00018F5C       TComponent.QueryInterface
 0001:000188F0       TComponent.ReadLeft
 0001:00018C2C       TComponent.ReadState
 0001:00018904       TComponent.ReadTop
 0001:0001895C       TComponent.Remove
 0001:000189DC       TComponent.RemoveComponent
 0001:00018ACC       TComponent.RemoveFreeNotification
 0001:00018AA8       TComponent.RemoveNotification
 0001:00018F3C       TComponent.SafeCallException
 0001:00018BF8       TComponent.SetChildOrder
 0001:00018E00       TComponent.SetComponentIndex
 0001:00018E54       TComponent.SetDesigning
 0001:00018D24       TComponent.SetName
[...]
 0002:000000DC       TwoDigitYearCenturyWindow
 0002:000000E0       MonthDays
 0002:00000110       LeadBytes
 0002:00000130       HexDisplayPrefix
 0002:00000134       GetDiskFreeSpaceEx
 0002:00000138       ExitProcList
 0002:0000013C       cSimpleBoolStrs
 0002:00000144       AccessMode
 0002:00000150       ShareMode
 0002:00000164       FormatErrorStrs
 0002:0000016C       FCon1E18
 0002:00000178       DCon10
 0002:0000017C       CWNear
 0002:00000180       FMSecsPerDay
 0002:00000184       IMSecsPerDay
 0002:00000188       Format
 0002:0000018C       DefShortMonthNames
 0002:000001BC       DefLongMonthNames
 0002:000001EC       DefShortDayNames
 0002:00000208       DefLongDayNames
 0002:00000224       ErrorMap
 0002:0000025C       ExceptMap
 0002:0000030C       WesternGroups
 0002:00000310       TerminateProcList
 0002:00000314       CResult
 0002:0000031C       NullStrictConvert
 0002:00000320       NullAsStringValue
 0002:00000324       PackVarCreation
 0002:00000328       BooleanToStringRule
 0002:0000032C       CInvalidCustomVariantType
 0002:00000330       CRangeToType
 0002:00000344       CText
 0002:00000398       CRelationshipToBoolean
 0002:000003AC       BooleanIdents
 0002:000003B4       DotSep
 0002:000003B8       AddDataModule
 0002:000003C0       RemoveDataModule
 0002:000003C8       ApplicationHandleException
 0002:000003D0       ApplicationShowException
 0002:000003D8       WakeMainThread
 0002:000003E0       FilerSignature
 0002:000003E4       NilMethod
 0002:000003EC       SyncList
 0002:000003F0       BlockCode
 0002:000003F4       UtilWindowClass
 0002:0000041C       DefFontData
 0002:00000448       DDBsOnly
 0002:0000044C       Colors
 0002:000005EC       FontCharsets
 0002:0000067C       DefPenData
 0002:0000068C       PenStyles
 0002:0000069C       DefBrushData
 0002:000006AC       PenModes
 0002:000006CC       ClipboardFormats
 0002:000006D0       FileFormats
 0002:000006D4       BitmapCanvasList
 0002:000006D8       DIBPalSizes
 0002:000006DC       PalSize
 0002:000006E0       Pal16
 0002:00000720       FPrinter
 0002:00000724       ForceCurrentDirectory
 0002:00000728       CreationControl
 0002:0000072C       WndProcPtrAtom
 0002:00000730       OpenOptions
 0002:00000788       OpenOptionsEx
 0002:0000078C       Captions
 0002:000007A0       ButtonNames
 0002:000007CC       ButtonCaptions
 0002:000007F8       ColorToPretyName
 0002:00000970       BitBtnCaptions
 0002:0000099C       Values
 0002:000009A4       Values
 0002:000009AC       MAPIDLL
 0002:000009B0       MAPIModule
 0002:000009B4       RTFConversionFormat
 0002:000009C0       TextConversionFormat
 0002:000009CC       ThemeServicesClass
 0002:000009D0       Copyright
 0002:000009D4       ThemeDataNames
 0002:00000A34       BorderStyles
 0002:00000A3C       Passwords
 0002:00000A44       ReadOnlys
 0002:00000A4C       CharCases
 0002:00000A58       HideSelections
 0002:00000A60       OEMConverts
 0002:00000A68       Empty
 0002:00000A6C       Alignments
 0002:00000A84       ScrollBar
 0002:00000A94       WordWraps
 0002:00000A9C       ButtonStyles
 0002:00000AA4       AnimateWindowProc
 0002:00000AA8       CreationControl
 0002:00000AAC       DefaultDockTreeClass
 0002:00000AB0       AnchorAlign
 0002:00000AB8       Cursors
 0002:00000B68       CaptureControl
 0002:00000B6C       ShowFlags
 0002:00000B70       WindowPos
 0002:00000B74       InnerStyles
 0002:00000B84       OuterStyles
 0002:00000B94       EdgeStyles
 0002:00000BA4       Ctl3DStyles
 0002:00000BAC       AnimationStyle
 0002:00000BB8       OrientArray
 0002:00000BC0       MakeLast
 0002:00000BC8       TreeStreamEndFlag
 0002:00000BCC       SizeCursors
 0002:00000BD4       IMM32DLL
 0002:00000BD8       ModeMap
 0002:00000BE0       DrawingStyles
 0002:00000BF0       Images
 0002:00000BF8       Mask
 0002:00000C00       ValidMenuHotkeys
 0002:00000C04       cMenuAutoFlagToItem
 0002:00000C08       cItemAutoFlagToMenu
 0002:00000C0C       cBooleanToItemAutoFlag
 0002:00000C10       cItemAutoFlagToBoolean
 0002:00000C14       MenuKeyCaps
 0002:00000C5C       Checks
 0002:00000C64       Enables
 0002:00000C6C       Breaks
 0002:00000C78       Separators
 0002:00000C80       IBreaks
 0002:00000C8C       IChecks
 0002:00000C94       IDefaults
 0002:00000C9C       IEnables
 0002:00000CA4       IRadios
 0002:00000CAC       ISeparators
 0002:00000CB4       IRTL
 0002:00000CBC       IOwnerDraw
 0002:00000CC4       Alignments
 0002:00000CCC       EdgeStyle
 0002:00000CD4       Alignments
 0002:00000CDC       Flags
 0002:00000CE8       Buttons
 0002:00000CEC       HintWindowClass
 0002:00000CF0       SetLayeredWindowAttributes
 0002:00000CF4       FocusMessages
 0002:00000CF8       FocusCount
 0002:00000CFC       TaskActiveWindow
 0002:00000D00       TaskFirstWindow
 0002:00000D04       TaskFirstTopMost
 0002:00000D08       TaskWindowList
 0002:00000D0C       SysConsts
 0002:00000D14       SysConsts
 0002:00000D1C       Props
 0002:00000D44       Styles
 0002:00000D50       ShowCommands
 0002:00000D5C       ShowCommands
 0002:00000D68       ShowCommands
 0002:00000D74       cUseAlpha
 0002:00000D7C       cUseColorKey
 0002:00000D84       CursorMap
 0002:00000DD8       WindowClass
 0002:00000E00       AppVisible
 0002:00000E04       ShowFlags
 0002:00002000       DispCallByIDProc
 0002:00002004       ExceptProc
 0002:00002008       ErrorProc
 0002:0000200C       ExceptClsProc
 0002:00002010       ExceptObjProc
 0002:00002014       RaiseExceptionProc
 0002:00002018       RTLUnwindProc
 0002:0000201C       ExceptionClass
 0002:00002020       AssertErrorProc
 0002:00002024       ExitProcessProc
 0002:00002028       AbstractErrorProc
 0002:0000202C       MainInstance
 0002:00002030       MainThreadID
 0002:00002034       IsLibrary
 0002:00002038       CmdShow
 0002:0000203C       CmdLine
 0002:00002040       InitProc
 0002:00002044       ExitProc
 0002:00002048       IsConsole
 0002:00002049       IsMultiThread
 0002:0000204A       Test8086
 0002:0000204C       Input
 0002:00002218       Output
 0002:000023E4       ErrOutput
 0002:000025B0       AllocMemCount
 0002:000025B4       AllocMemSize
 0002:000025B8       .5
 0002:000025BC       DefaultUserCodePage
 0002:000025C0       initialized
 0002:000025C4       heapErrorCode
 0002:000025C8       heapLock
 0002:000025E0       blockDescBlockList
 0002:000025E4       blockDescFreeList
 0002:000025E8       spaceRoot
 0002:000025F8       decommittedRoot
 0002:00002608       avail
 0002:00002614       rover
 0002:00002618       remBytes
 0002:0000261C       curAlloc
 0002:00002620       smallTab
 0002:00002624       committedRoot
 0002:00002634       InitContext
 0002:00002660       ModuleIsLib
 0002:00002661       ModuleIsCpp
 0002:00002664       HInstance
 0002:00002668       .1
 0002:0000266C       tlsBuffer
 0002:00002670       .1
 0002:00002674       .3
 0002:00002678       .1
 0002:0000267C       .1
 0002:00002680       CurrencyString
 0002:00002684       CurrencyFormat
 0002:00002685       NegCurrFormat
 0002:00002686       ThousandSeparator
 0002:00002687       DecimalSeparator
 0002:00002688       CurrencyDecimals
 0002:00002689       DateSeparator
 0002:0000268C       ShortDateFormat
 0002:00002690       LongDateFormat
 0002:00002694       TimeSeparator
 0002:00002698       TimeAMString
 0002:0000269C       TimePMString
 0002:000026A0       ShortTimeFormat
 0002:000026A4       LongTimeFormat
 0002:000026A8       ShortMonthNames
 0002:000026D8       LongMonthNames
 0002:00002708       ShortDayNames
 0002:00002724       LongDayNames
 0002:00002740       SysLocale
 0002:0000274E       ListSeparator
 0002:00002750       EraNames
 0002:0000276C       EraYearOffsets
 0002:00002788       TrueBoolStrs
 0002:0000278C       FalseBoolStrs
 0002:00002790       .35
 0002:00002794       OutOfMemory
 0002:00002798       InvalidPointer
 0002:0000279C       FLanguages
 0002:000027A0       VariantChangeTypeEx
 0002:000027A4       VarNeg
 0002:000027A8       VarNot
 0002:000027AC       VarAdd
 0002:000027B0       VarSub
 0002:000027B4       VarMul
 0002:000027B8       VarDiv
 0002:000027BC       VarIDiv
 0002:000027C0       VarMod
 0002:000027C4       VarAnd
 0002:000027C8       VarOr
 0002:000027CC       VarXor
 0002:000027D0       VarCmp
 0002:000027D4       VarI4FromStr
 0002:000027D8       VarR4FromStr
 0002:000027DC       VarR8FromStr
 0002:000027E0       VarDateFromStr
 0002:000027E4       VarCyFromStr
 0002:000027E8       VarBoolFromStr
 0002:000027EC       VarBstrFromCy
 0002:000027F0       VarBstrFromDate
 0002:000027F4       VarBstrFromBool
 0002:000027F8       .5
 0002:000027FC       EmptyParam
 0002:0000280C       VarDispProc
 0002:00002810       ClearAnyProc
 0002:00002814       ChangeAnyProc
 0002:00002818       RefAnyProc
 0002:0000281C       .81
 0002:00002820       LVarTypes
 0002:00002824       LVarTypeSync
 0002:0000283C       .1
 0002:00002840       .6
 0002:00002844       .3
 0002:00002848       GlobalNameSpace
 0002:0000284C       IsUniqueGlobalComponentNameProc
 0002:00002850       SyncEvent
 0002:00002854       .45
 0002:00002858       IntConstList
 0002:0000285C       RegGroups
 0002:00002860       FindGlobalComponentProcs
 0002:00002864       GlobalFixupList
 0002:00002868       ThreadLock
 0002:00002880       InstBlockList
 0002:00002884       InstFreeList
 0002:00002888       .1
 0002:0000288C       SystemPalette16
 0002:00002890       .12
 0002:00002894       ScreenLogPixels
 0002:00002898       StockPen
 0002:0000289C       StockBrush
 0002:000028A0       StockFont
 0002:000028A4       StockIcon
 0002:000028A8       BitmapImageLock
 0002:000028C0       CounterLock
 0002:000028D8       FontManager
 0002:000028DC       PenManager
 0002:000028E0       BrushManager
 0002:000028E4       CanvasList
 0002:000028E8       PatternManager
 0002:000028EC       .2
 0002:000028F0       .21
 0002:000028F4       .1
 0002:000028F8       ComCtl32DLL
 0002:000028FC       _InitCommonControlsEx
 0002:00002900       GetSystemMetrics
 0002:00002904       MonitorFromWindow
 0002:00002908       MonitorFromRect
 0002:0000290C       MonitorFromPoint
 0002:00002910       GetMonitorInfo
 0002:00002914       GetMonitorInfoA
 0002:00002918       GetMonitorInfoW
 0002:0000291C       EnumDisplayMonitors
 0002:00002920       .1
 0002:00002924       User32Dll
 0002:00002928       InitApis
 0002:00002930       MMAvailable
 0002:00002934       .1
 0002:00002938       .2
 0002:0000293C       HelpManager
 0002:00002940       .3
 0002:00002944       .3
 0002:00002948       FlatSB_EnableScrollBar
 0002:0000294C       FlatSB_ShowScrollBar
 0002:00002950       FlatSB_GetScrollRange
 0002:00002954       FlatSB_GetScrollInfo
 0002:00002958       FlatSB_GetScrollPos
 0002:0000295C       FlatSB_SetScrollPos
 0002:00002960       FlatSB_SetScrollInfo
 0002:00002964       FlatSB_SetScrollRange
 0002:00002968       .1
 0002:0000296C       _FlatSB_GetScrollProp
 0002:00002970       _FlatSB_SetScrollProp
 0002:00002974       _InitializeFlatSB
 0002:00002978       _UninitializeFlatSB
 0002:0000297C       .6
 0002:00002980       OpenThemeData
 0002:00002984       CloseThemeData
 0002:00002988       DrawThemeBackground
 0002:0000298C       DrawThemeText
 0002:00002990       GetThemeBackgroundContentRect
 0002:00002994       GetThemeBackgroundExtent
 0002:00002998       GetThemePartSize
 0002:0000299C       GetThemeTextExtent
 0002:000029A0       GetThemeTextMetrics
 0002:000029A4       GetThemeBackgroundRegion
 0002:000029A8       HitTestThemeBackground
 0002:000029AC       DrawThemeEdge
 0002:000029B0       DrawThemeIcon
 0002:000029B4       IsThemePartDefined
 0002:000029B8       IsThemeBackgroundPartiallyTransparent
 0002:000029BC       GetThemeColor
 0002:000029C0       GetThemeMetric
 0002:000029C4       GetThemeString
 0002:000029C8       GetThemeBool
 0002:000029CC       GetThemeInt
 0002:000029D0       GetThemeEnumValue
 0002:000029D4       GetThemePosition
 0002:000029D8       GetThemeFont
 0002:000029DC       GetThemeRect
 0002:000029E0       GetThemeMargins
 0002:000029E4       GetThemeIntList
 0002:000029E8       GetThemePropertyOrigin
 0002:000029EC       SetWindowTheme
 0002:000029F0       GetThemeFilename
 0002:000029F4       GetThemeSysColor
 0002:000029F8       GetThemeSysColorBrush
 0002:000029FC       GetThemeSysBool
 0002:00002A00       GetThemeSysSize
 0002:00002A04       GetThemeSysFont
 0002:00002A08       GetThemeSysString
 0002:00002A0C       GetThemeSysInt
 0002:00002A10       IsThemeActive
 0002:00002A14       IsAppThemed
 0002:00002A18       GetWindowTheme
 0002:00002A1C       EnableThemeDialogTexture
 0002:00002A20       IsThemeDialogTextureEnabled
 0002:00002A24       GetThemeAppProperties
 0002:00002A28       SetThemeAppProperties
 0002:00002A2C       GetCurrentThemeName
 0002:00002A30       GetThemeDocumentationProperty
 0002:00002A34       DrawThemeParentBackground
 0002:00002A38       EnableTheming
 0002:00002A3C       .1
 0002:00002A40       ThemeLibrary
 0002:00002A44       ReferenceCount
 0002:00002A48       Lock
 0002:00002A4C       .1
 0002:00002A50       .4
 0002:00002A54       .1
 0002:00002A58       .1
 0002:00002A5C       .1
 0002:00002A60       .1
 0002:00002A64       .1
 0002:00002A68       .1
 0002:00002A6C       .1
 0002:00002A70       .11
 0002:00002A74       HelpMsg
 0002:00002A78       FindMsg
 0002:00002A7C       .12
 0002:00002A80       .1
 0002:00002A84       CF_PICTURE
 0002:00002A86       CF_COMPONENT
 0002:00002A88       .2
 0002:00002A8C       FClipboard
 0002:00002A90       .1
 0002:00002A94       .4
 0002:00002A98       BitBtnGlyphs
 0002:00002AC4       .3
 0002:00002AC8       .8
 0002:00002ACC       .5
 0002:00002AD0       .1
 0002:00002AD4       .72
 0002:00002AD8       UrlMonHandle
 0002:00002ADC       UrlMonInitialized
 0002:00002AE0       .8
 0002:00002AE4       .36
 0002:00002AE8       ShellModule
 0002:00002AEC       FRichEditModule
 0002:00002AF0       ComCtlVersion
 0002:00002AF4       .2
 0002:00002AF8       InternalServices
 0002:00002AFC       .42
 0002:00002B00       .73
 0002:00002B04       WinHelpTester
 0002:00002B08       ViewerName
 0002:00002B0C       .1
 0002:00002B10       HelpViewer
 0002:00002B14       HelpViewerIntf
 0002:00002B18       Mouse
 0002:00002B1C       NewStyleControls
 0002:00002B20       .72
 0002:00002B24       WindowAtom
 0002:00002B26       ControlAtom
 0002:00002B28       WindowAtomString
 0002:00002B2C       ControlAtomString
 0002:00002B30       RM_GetObjectInstance
 0002:00002B34       DragControl
 0002:00002B38       DragObject
 0002:00002B3C       DragInternalObject
 0002:00002B40       DragCapture
 0002:00002B44       DragStartPos
 0002:00002B4C       DragSaveCursor
 0002:00002B50       DragThreshold
 0002:00002B54       ActiveDrag
 0002:00002B58       DragImageList
 0002:00002B5C       DockSiteList
 0002:00002B60       QualifyingSites
 0002:00002B64       DragSave
 0002:00002B68       CanvasList
 0002:00002B6C       _WINNLSEnableIME
 0002:00002B70       _ImmGetContext
 0002:00002B74       _ImmReleaseContext
 0002:00002B78       _ImmGetConversionStatus
 0002:00002B7C       _ImmSetConversionStatus
 0002:00002B80       _ImmSetOpenStatus
 0002:00002B84       _ImmSetCompositionWindow
 0002:00002B88       _ImmSetCompositionFont
 0002:00002B8C       _ImmGetCompositionString
 0002:00002B90       _ImmIsIME
 0002:00002B94       _ImmNotifyIME
 0002:00002B98       .8
 0002:00002B9C       .3
 0002:00002BA0       CachedComCtrlVer
 0002:00002BA4       ImageListWriteExProc
 0002:00002BA8       PopupList
 0002:00002BAC       ShortCutItems
 0002:00002BB0       .9
 0002:00002BB4       CommandPool
 0002:00002BB8       Application
 0002:00002BBC       Screen
 0002:00002BC0       .41
 0002:00002BC4       RM_TaskbarCreated
 0002:00002BC8       HintThreadID
 0002:00002BCC       HintDoneEvent
 0002:00002BD0       HintHook
 0002:00002BD4       HintThread
 0002:00002BD8       .1
 0002:00002BDC       BlockSize
 0002:00002BE0       offblocks
 0002:00002BE4       offData
 0002:00002BE8       BlocksAllocated
 0002:00002BEC       IndexMap
 0002:00002BF0       media_size
 0002:00002BF8       Form1
 0002:00002BFC       CancelFlag
 0002:00002C00       .2


Line numbers for vdi(vdi.pas) segment .text

    75 0001:00050D6C    76 0001:00050D78    77 0001:00050D7F    78 0001:00050D86
    81 0001:00050D88    82 0001:00050D8B    83 0001:00050DA5   114 0001:00050DA8
   115 0001:00050DCC   116 0001:00050DD1   117 0001:00050DF2   118 0001:00050E08
   119 0001:00050E1E   120 0001:00050E26   122 0001:00050E2B   123 0001:00050E57
   124 0001:00050E61   125 0001:00050E64   127 0001:00050E69   128 0001:00050E8E
   129 0001:00050ED9   130 0001:00050EE7   132 0001:00050EEC   133 0001:00050F04
   134 0001:00050F18   136 0001:00050F39   138 0001:00050F77   192 0001:00050FF4
   193 0001:00050FF7   194 0001:00051006   202 0001:0005100C   203 0001:00051036
   205 0001:00051039   206 0001:0005103F   207 0001:0005105B   209 0001:00051075
   211 0001:0005107E   212 0001:00051090   214 0001:000510A8   215 0001:000510E1
   216 0001:00051126   218 0001:00051166   219 0001:000511A5   220 0001:000511E5
   221 0001:00051225   222 0001:00051261   223 0001:000512A4   224 0001:000512E7
   225 0001:0005132A   226 0001:0005136D   227 0001:000513B0   228 0001:000513F3
   229 0001:00051436   230 0001:0005147B   231 0001:000514BE   232 0001:00051501
   233 0001:00051544   236 0001:00051587   237 0001:000515A5   238 0001:000515B6
   239 0001:000515C7   240 0001:000515D8   244 0001:000515E9   245 0001:000515F9
   246 0001:0005160C   247 0001:00051625   248 0001:00051631   249 0001:00051644
   250 0001:00051655   252 0001:0005165C   254 0001:00051685   256 0001:0005183C
   256 0001:00051843

Line numbers for Unit1(Unit1.pas) segment .text

    39 0001:00051A5C    40 0001:00051A68    41 0001:00051A6F    42 0001:00051A76
    71 0001:00051A98    72 0001:00051ABB    73 0001:00051AC9    74 0001:00051ADC
    75 0001:00051AEF    76 0001:00051AFD    77 0001:00051B1F    79 0001:00051B28
    80 0001:00051B3A    82 0001:00051B52    83 0001:00051B90    84 0001:00051BDA
    86 0001:00051C1F    87 0001:00051C63    88 0001:00051CA8    89 0001:00051CED
    90 0001:00051D2E    91 0001:00051D76    92 0001:00051DBE    93 0001:00051E06
    94 0001:00051E4E    95 0001:00051E96    96 0001:00051EDE    97 0001:00051F26
    98 0001:00051F70    99 0001:00051FB8   100 0001:00052000   101 0001:00052048
   104 0001:00052090   106 0001:000520A0   107 0001:000520B7   108 0001:000520C7
   110 0001:000520EA   115 0001:00052101   116 0001:00052114   117 0001:0005212B
   118 0001:00052138   119 0001:0005214E   120 0001:0005215E   123 0001:00052166
   124 0001:0005217A   126 0001:00052198   127 0001:000521C9   128 0001:000521E6
   129 0001:000521EC   132 0001:00052203   133 0001:00052211   124 0001:00052212
   134 0001:00052218   138 0001:00052221   140 0001:00052267   148 0001:00052400
   149 0001:00052430   151 0001:00052437   152 0001:0005244A   154 0001:00052454
   155 0001:0005245F   156 0001:00052470   157 0001:00052475   158 0001:0005247E
   159 0001:0005248C   162 0001:000524B1   163 0001:000524C2   166 0001:000524D5
   169 0001:000524E6   160 0001:000524F6   171 0001:00052503   172 0001:0005250C
   174 0001:0005253A   179 0001:00052544   180 0001:0005255C   182 0001:0005256A
   183 0001:0005257D   184 0001:0005258C   186 0001:0005259A   188 0001:000525AA
   190 0001:000525B7   191 0001:000525EF   195 0001:00052628   196 0001:0005262F
   198 0001:00052660   198 0001:00052667

Line numbers for Project1(C:\Users\erwan\Documents\-= SOURCES =-\delphi\system\vdi\Project1.dpr) segment .text

    10 0001:00052878    11 0001:00052888    12 0001:00052894    13 0001:000528AC
    14 0001:000528B8

Bound resource files

c:\program files (x86)\borland\delphi7\Lib\Buttons.res
c:\program files (x86)\borland\delphi7\Lib\ExtDlgs.res
c:\program files (x86)\borland\delphi7\Lib\Controls.res
Unit1.dfm
Project1.res
Project1.drf


Program entry point at 0001:00052878
